-- Install configuration: ""
-- Execute custom install script
-- Up-to-date symlink: /home/sarina/aot_bot/ros2_ws/install/chopped_urdf_v2/share/chopped_urdf_v2/urdf/chopped_urdf_v2.gazebo.urdf.xacro
-- Up-to-date symlink: /home/sarina/aot_bot/ros2_ws/install/chopped_urdf_v2/share/chopped_urdf_v2/urdf/chopped_urdf_v2.urdf
-- Up-to-date symlink: /home/sarina/aot_bot/ros2_ws/install/chopped_urdf_v2/share/chopped_urdf_v2/meshes/Base_Extrusion__Base_Extrusion.stl
-- Up-to-date symlink: /home/sarina/aot_bot/ros2_ws/install/chopped_urdf_v2/share/chopped_urdf_v2/meshes/Base_Extrusion__Base_Extrusion__Base_Extrusion__Base_Extrusion.stl
-- Up-to-date symlink: /home/sarina/aot_bot/ros2_ws/install/chopped_urdf_v2/share/chopped_urdf_v2/meshes/Base_Plate__Base_Plate.stl
-- Up-to-date symlink: /home/sarina/aot_bot/ros2_ws/install/chopped_urdf_v2/share/chopped_urdf_v2/meshes/Base_Print__Base_Print.stl
-- Up-to-date symlink: /home/sarina/aot_bot/ros2_ws/install/chopped_urdf_v2/share/chopped_urdf_v2/meshes/Battery_Terminal__Battery_Terminal.stl
-- Up-to-date symlink: /home/sarina/aot_bot/ros2_ws/install/chopped_urdf_v2/share/chopped_urdf_v2/meshes/Bicep_Cover__Bicep_Cover.stl
-- Up-to-date symlink: /home/sarina/aot_bot/ros2_ws/install/chopped_urdf_v2/share/chopped_urdf_v2/meshes/Bicep_Cover__Bicep_Cover_Mirrored.stl
-- Up-to-date symlink: /home/sarina/aot_bot/ros2_ws/install/chopped_urdf_v2/share/chopped_urdf_v2/meshes/Bicep__Bicep.stl
-- Up-to-date symlink: /home/sarina/aot_bot/ros2_ws/install/chopped_urdf_v2/share/chopped_urdf_v2/meshes/Bicep__Bicep_Mirrored.stl
-- Up-to-date symlink: /home/sarina/aot_bot/ros2_ws/install/chopped_urdf_v2/share/chopped_urdf_v2/meshes/Bottom_Cover_Back__Bottom_Cover_Back__Bottom_Cover_Back__Bottom_Cover_Back.stl
-- Up-to-date symlink: /home/sarina/aot_bot/ros2_ws/install/chopped_urdf_v2/share/chopped_urdf_v2/meshes/Bottom_Cover_Front__Bottom_Cover_Front__Bottom_Cover_Front__Bottom_Cover_Front.stl
-- Up-to-date symlink: /home/sarina/aot_bot/ros2_ws/install/chopped_urdf_v2/share/chopped_urdf_v2/meshes/Camera_Cover__Camera_Cover__Camera_Cover__Camera_Cover.stl
-- Up-to-date symlink: /home/sarina/aot_bot/ros2_ws/install/chopped_urdf_v2/share/chopped_urdf_v2/meshes/Cover_MiddleBot_Back__Cover_MiddleBot_Back__Cover_MiddleBot_Back__Cover_MiddleBot_Back.stl
-- Up-to-date symlink: /home/sarina/aot_bot/ros2_ws/install/chopped_urdf_v2/share/chopped_urdf_v2/meshes/Cover_MiddleBot_Front__Cover_MiddleBot_Front__Cover_MiddleBot_Front__Cover_MiddleBot_Front.stl
-- Up-to-date symlink: /home/sarina/aot_bot/ros2_ws/install/chopped_urdf_v2/share/chopped_urdf_v2/meshes/Cover_MiddleTop_Back__Cover_MiddleTop_Back__Cover_MiddleTop_Back__Cover_MiddleTop_Back.stl
-- Up-to-date symlink: /home/sarina/aot_bot/ros2_ws/install/chopped_urdf_v2/share/chopped_urdf_v2/meshes/Cover_MiddleTop_Front__Cover_MiddleTop_Front__Cover_MiddleTop_Front__Cover_MiddleTop_Front.stl
-- Up-to-date symlink: /home/sarina/aot_bot/ros2_ws/install/chopped_urdf_v2/share/chopped_urdf_v2/meshes/Cover_Top_Front__Cover_Top_Front__Cover_Top_Front__Cover_Top_Front.stl
-- Up-to-date symlink: /home/sarina/aot_bot/ros2_ws/install/chopped_urdf_v2/share/chopped_urdf_v2/meshes/Forearm_Cover__Forearm_Cover.stl
-- Up-to-date symlink: /home/sarina/aot_bot/ros2_ws/install/chopped_urdf_v2/share/chopped_urdf_v2/meshes/Forearm_Cover__Forearm_Cover_Mirrored.stl
-- Up-to-date symlink: /home/sarina/aot_bot/ros2_ws/install/chopped_urdf_v2/share/chopped_urdf_v2/meshes/Forearm_Rotation__Forearm_Rotation.stl
-- Up-to-date symlink: /home/sarina/aot_bot/ros2_ws/install/chopped_urdf_v2/share/chopped_urdf_v2/meshes/Forearm_Rotation__Forearm_Rotation_Mirrored.stl
-- Up-to-date symlink: /home/sarina/aot_bot/ros2_ws/install/chopped_urdf_v2/share/chopped_urdf_v2/meshes/Forearm__Forearm.stl
-- Up-to-date symlink: /home/sarina/aot_bot/ros2_ws/install/chopped_urdf_v2/share/chopped_urdf_v2/meshes/Forearm__Forearm_Mirrored.stl
-- Up-to-date symlink: /home/sarina/aot_bot/ros2_ws/install/chopped_urdf_v2/share/chopped_urdf_v2/meshes/Hand_Motor_Mount__Hand_Motor_Mount.stl
-- Up-to-date symlink: /home/sarina/aot_bot/ros2_ws/install/chopped_urdf_v2/share/chopped_urdf_v2/meshes/Hand_Motor_Mount__Hand_Motor_Mount_Mirrored.stl
-- Up-to-date symlink: /home/sarina/aot_bot/ros2_ws/install/chopped_urdf_v2/share/chopped_urdf_v2/meshes/Hand__Hand.stl
-- Up-to-date symlink: /home/sarina/aot_bot/ros2_ws/install/chopped_urdf_v2/share/chopped_urdf_v2/meshes/Hand__Hand_Mirrored.stl
-- Up-to-date symlink: /home/sarina/aot_bot/ros2_ws/install/chopped_urdf_v2/share/chopped_urdf_v2/meshes/Head_Cover__Head_Cover__Head_Cover__Head_Cover.stl
-- Up-to-date symlink: /home/sarina/aot_bot/ros2_ws/install/chopped_urdf_v2/share/chopped_urdf_v2/meshes/Head__Head__Head__Head.stl
-- Up-to-date symlink: /home/sarina/aot_bot/ros2_ws/install/chopped_urdf_v2/share/chopped_urdf_v2/meshes/Left_Finger__Left_Finger.stl
-- Up-to-date symlink: /home/sarina/aot_bot/ros2_ws/install/chopped_urdf_v2/share/chopped_urdf_v2/meshes/Left_Finger__Left_Finger_Mirrored.stl
-- Up-to-date symlink: /home/sarina/aot_bot/ros2_ws/install/chopped_urdf_v2/share/chopped_urdf_v2/meshes/Left_Wheel_Tire__Left_Wheel_Tire.stl
-- Up-to-date symlink: /home/sarina/aot_bot/ros2_ws/install/chopped_urdf_v2/share/chopped_urdf_v2/meshes/Left_wheel_cap__Left_wheel_cap.stl
-- Up-to-date symlink: /home/sarina/aot_bot/ros2_ws/install/chopped_urdf_v2/share/chopped_urdf_v2/meshes/Main_Extrusion__Main_Extrusion__Main_Extrusion__Main_Extrusion.stl
-- Up-to-date symlink: /home/sarina/aot_bot/ros2_ws/install/chopped_urdf_v2/share/chopped_urdf_v2/meshes/Mirror30__Mirror30.stl
-- Up-to-date symlink: /home/sarina/aot_bot/ros2_ws/install/chopped_urdf_v2/share/chopped_urdf_v2/meshes/Right_Finger__Right_Finger.stl
-- Up-to-date symlink: /home/sarina/aot_bot/ros2_ws/install/chopped_urdf_v2/share/chopped_urdf_v2/meshes/Right_Finger__Right_Finger_Mirrored.stl
-- Up-to-date symlink: /home/sarina/aot_bot/ros2_ws/install/chopped_urdf_v2/share/chopped_urdf_v2/meshes/Right_Wheel_Cap__Right_Wheel_Cap.stl
-- Up-to-date symlink: /home/sarina/aot_bot/ros2_ws/install/chopped_urdf_v2/share/chopped_urdf_v2/meshes/Right_Wheel_Tire__Right_Wheel_Tire.stl
-- Up-to-date symlink: /home/sarina/aot_bot/ros2_ws/install/chopped_urdf_v2/share/chopped_urdf_v2/meshes/Shoulder_Cover__Shoulder_Cover.stl
-- Up-to-date symlink: /home/sarina/aot_bot/ros2_ws/install/chopped_urdf_v2/share/chopped_urdf_v2/meshes/Shoulder_Cover__Shoulder_Cover_Mirrored.stl
-- Up-to-date symlink: /home/sarina/aot_bot/ros2_ws/install/chopped_urdf_v2/share/chopped_urdf_v2/meshes/Shoulder_Knuckle__Shoulder_Knuckle.stl
-- Up-to-date symlink: /home/sarina/aot_bot/ros2_ws/install/chopped_urdf_v2/share/chopped_urdf_v2/meshes/Shoulder_Knuckle__Shoulder_Knuckle_Mirrored.stl
-- Up-to-date symlink: /home/sarina/aot_bot/ros2_ws/install/chopped_urdf_v2/share/chopped_urdf_v2/meshes/Shoulder__Shoulder.stl
-- Up-to-date symlink: /home/sarina/aot_bot/ros2_ws/install/chopped_urdf_v2/share/chopped_urdf_v2/meshes/Shoulder__Shoulder_Mirrored.stl
-- Up-to-date symlink: /home/sarina/aot_bot/ros2_ws/install/chopped_urdf_v2/share/chopped_urdf_v2/meshes/Top_Cover_back__Top_Cover_back__Top_Cover_back__Top_Cover_back.stl
-- Up-to-date symlink: /home/sarina/aot_bot/ros2_ws/install/chopped_urdf_v2/share/chopped_urdf_v2/meshes/Wrist_Cam__Wrist_Cam.stl
-- Up-to-date symlink: /home/sarina/aot_bot/ros2_ws/install/chopped_urdf_v2/share/chopped_urdf_v2/meshes/Wrist_Cam__Wrist_Cam_Mirrored.stl
-- Up-to-date symlink: /home/sarina/aot_bot/ros2_ws/install/chopped_urdf_v2/share/chopped_urdf_v2/meshes/Wrist_Knuckle__Wrist_Knuckle.stl
-- Up-to-date symlink: /home/sarina/aot_bot/ros2_ws/install/chopped_urdf_v2/share/chopped_urdf_v2/meshes/Wrist_Knuckle__Wrist_Knuckle_Mirrored.stl
-- Up-to-date symlink: /home/sarina/aot_bot/ros2_ws/install/chopped_urdf_v2/share/chopped_urdf_v2/config/controllers.yaml
-- Up-to-date symlink: /home/sarina/aot_bot/ros2_ws/install/chopped_urdf_v2/share/chopped_urdf_v2/launch/chopped_urdf_v2.launch
-- Up-to-date symlink: /home/sarina/aot_bot/ros2_ws/install/chopped_urdf_v2/share/ament_index/resource_index/package_run_dependencies/chopped_urdf_v2
-- Up-to-date symlink: /home/sarina/aot_bot/ros2_ws/install/chopped_urdf_v2/share/ament_index/resource_index/parent_prefix_path/chopped_urdf_v2
-- Up-to-date symlink: /home/sarina/aot_bot/ros2_ws/install/chopped_urdf_v2/share/chopped_urdf_v2/environment/ament_prefix_path.sh
-- Up-to-date symlink: /home/sarina/aot_bot/ros2_ws/install/chopped_urdf_v2/share/chopped_urdf_v2/environment/ament_prefix_path.dsv
-- Up-to-date symlink: /home/sarina/aot_bot/ros2_ws/install/chopped_urdf_v2/share/chopped_urdf_v2/environment/path.sh
-- Up-to-date symlink: /home/sarina/aot_bot/ros2_ws/install/chopped_urdf_v2/share/chopped_urdf_v2/environment/path.dsv
-- Up-to-date symlink: /home/sarina/aot_bot/ros2_ws/install/chopped_urdf_v2/share/chopped_urdf_v2/local_setup.bash
-- Up-to-date symlink: /home/sarina/aot_bot/ros2_ws/install/chopped_urdf_v2/share/chopped_urdf_v2/local_setup.sh
-- Up-to-date symlink: /home/sarina/aot_bot/ros2_ws/install/chopped_urdf_v2/share/chopped_urdf_v2/local_setup.zsh
-- Up-to-date symlink: /home/sarina/aot_bot/ros2_ws/install/chopped_urdf_v2/share/chopped_urdf_v2/local_setup.dsv
-- Symlinking: /home/sarina/aot_bot/ros2_ws/install/chopped_urdf_v2/share/chopped_urdf_v2/package.dsv
-- Up-to-date symlink: /home/sarina/aot_bot/ros2_ws/install/chopped_urdf_v2/share/ament_index/resource_index/packages/chopped_urdf_v2
-- Up-to-date symlink: /home/sarina/aot_bot/ros2_ws/install/chopped_urdf_v2/share/chopped_urdf_v2/cmake/chopped_urdf_v2Config.cmake
-- Up-to-date symlink: /home/sarina/aot_bot/ros2_ws/install/chopped_urdf_v2/share/chopped_urdf_v2/cmake/chopped_urdf_v2Config-version.cmake
-- Up-to-date symlink: /home/sarina/aot_bot/ros2_ws/install/chopped_urdf_v2/share/chopped_urdf_v2/package.xml
