-- The C compiler identification is GNU 13.3.0
-- The CXX compiler identification is GNU 13.3.0
-- Detecting C compiler ABI info
-- Detecting C compiler ABI info - done
-- Check for working C compiler: /usr/bin/cc - skipped
-- Detecting C compile features
-- Detecting C compile features - done
-- Detecting CXX compiler ABI info
-- Detecting CXX compiler ABI info - done
-- Check for working CXX compiler: /usr/bin/c++ - skipped
-- Detecting CXX compile features
-- Detecting CXX compile features - done
-- Found ament_cmake: 2.5.6 (/opt/ros/jazzy/share/ament_cmake/cmake)
-- Found Python3: /usr/bin/python3 (found version "3.12.3") found components: Interpreter 
-- Override CMake install command with custom implementation using symlinks instead of copying resources
-- Configuring done (2.6s)
-- Generating done (0.0s)
-- Build files have been written to: /home/sarina/aot_bot/ros2_ws/build/chopped_urdf_v2_gazebo
-- Install configuration: ""
-- Execute custom install script
-- Symlinking: /home/sarina/aot_bot/ros2_ws/install/chopped_urdf_v2_gazebo/share/chopped_urdf_v2_gazebo/launch/sim.launch.py
-- Symlinking: /home/sarina/aot_bot/ros2_ws/install/chopped_urdf_v2_gazebo/share/chopped_urdf_v2_gazebo/worlds/chopped_bot.sdf
-- Symlinking: /home/sarina/aot_bot/ros2_ws/install/chopped_urdf_v2_gazebo/share/chopped_urdf_v2_gazebo/rviz/chopped_bot.rviz
-- Symlinking: /home/sarina/aot_bot/ros2_ws/install/chopped_urdf_v2_gazebo/share/ament_index/resource_index/package_run_dependencies/chopped_urdf_v2_gazebo
-- Symlinking: /home/sarina/aot_bot/ros2_ws/install/chopped_urdf_v2_gazebo/share/ament_index/resource_index/parent_prefix_path/chopped_urdf_v2_gazebo
-- Symlinking: /home/sarina/aot_bot/ros2_ws/install/chopped_urdf_v2_gazebo/share/chopped_urdf_v2_gazebo/environment/ament_prefix_path.sh
-- Symlinking: /home/sarina/aot_bot/ros2_ws/install/chopped_urdf_v2_gazebo/share/chopped_urdf_v2_gazebo/environment/ament_prefix_path.dsv
-- Symlinking: /home/sarina/aot_bot/ros2_ws/install/chopped_urdf_v2_gazebo/share/chopped_urdf_v2_gazebo/environment/path.sh
-- Symlinking: /home/sarina/aot_bot/ros2_ws/install/chopped_urdf_v2_gazebo/share/chopped_urdf_v2_gazebo/environment/path.dsv
-- Symlinking: /home/sarina/aot_bot/ros2_ws/install/chopped_urdf_v2_gazebo/share/chopped_urdf_v2_gazebo/local_setup.bash
-- Symlinking: /home/sarina/aot_bot/ros2_ws/install/chopped_urdf_v2_gazebo/share/chopped_urdf_v2_gazebo/local_setup.sh
-- Symlinking: /home/sarina/aot_bot/ros2_ws/install/chopped_urdf_v2_gazebo/share/chopped_urdf_v2_gazebo/local_setup.zsh
-- Symlinking: /home/sarina/aot_bot/ros2_ws/install/chopped_urdf_v2_gazebo/share/chopped_urdf_v2_gazebo/local_setup.dsv
-- Symlinking: /home/sarina/aot_bot/ros2_ws/install/chopped_urdf_v2_gazebo/share/chopped_urdf_v2_gazebo/package.dsv
-- Symlinking: /home/sarina/aot_bot/ros2_ws/install/chopped_urdf_v2_gazebo/share/ament_index/resource_index/packages/chopped_urdf_v2_gazebo
-- Symlinking: /home/sarina/aot_bot/ros2_ws/install/chopped_urdf_v2_gazebo/share/chopped_urdf_v2_gazebo/cmake/chopped_urdf_v2_gazeboConfig.cmake
-- Symlinking: /home/sarina/aot_bot/ros2_ws/install/chopped_urdf_v2_gazebo/share/chopped_urdf_v2_gazebo/cmake/chopped_urdf_v2_gazeboConfig-version.cmake
-- Symlinking: /home/sarina/aot_bot/ros2_ws/install/chopped_urdf_v2_gazebo/share/chopped_urdf_v2_gazebo/package.xml
