[0.105s] Invoking command in '/home/sarina/aot_bot/ros2_ws/build/chopped_urdf_v2_gazebo': AMENT_PREFIX_PATH=/home/sarina/aot_bot/ros2_ws/install/chopped_urdf_v2:${AMENT_PREFIX_PATH} CMAKE_PREFIX_PATH=/home/sarina/aot_bot/ros2_ws/install/chopped_urdf_v2:/opt/ros/jazzy/opt/gz_sim_vendor:/opt/ros/jazzy/opt/gz_sensors_vendor:/opt/ros/jazzy/opt/gz_physics_vendor:/opt/ros/jazzy/opt/sdformat_vendor:/opt/ros/jazzy/opt/gz_gui_vendor:/opt/ros/jazzy/opt/gz_transport_vendor:/opt/ros/jazzy/opt/gz_rendering_vendor:/opt/ros/jazzy/opt/gz_plugin_vendor:/opt/ros/jazzy/opt/gz_fuel_tools_vendor:/opt/ros/jazzy/opt/gz_msgs_vendor:/opt/ros/jazzy/opt/gz_common_vendor:/opt/ros/jazzy/opt/gz_math_vendor:/opt/ros/jazzy/opt/gz_utils_vendor:/opt/ros/jazzy/opt/gz_tools_vendor:/opt/ros/jazzy/opt/gz_ogre_next_vendor:/opt/ros/jazzy/opt/gz_dartsim_vendor:/opt/ros/jazzy/opt/gz_cmake_vendor:/opt/ros/jazzy /usr/bin/cmake /home/sarina/aot_bot/ros2_ws/src/chopped_urdf_v2_gazebo -DAMENT_CMAKE_SYMLINK_INSTALL=1 -DCMAKE_INSTALL_PREFIX=/home/sarina/aot_bot/ros2_ws/install/chopped_urdf_v2_gazebo
[0.321s] -- The C compiler identification is GNU 13.3.0
[1.140s] -- The CXX compiler identification is GNU 13.3.0
[1.571s] -- Detecting C compiler ABI info
[1.827s] -- Detecting C compiler ABI info - done
[1.839s] -- Check for working C compiler: /usr/bin/cc - skipped
[1.839s] -- Detecting C compile features
[1.840s] -- Detecting C compile features - done
[1.920s] -- Detecting CXX compiler ABI info
[2.229s] -- Detecting CXX compiler ABI info - done
[2.239s] -- Check for working CXX compiler: /usr/bin/c++ - skipped
[2.240s] -- Detecting CXX compile features
[2.240s] -- Detecting CXX compile features - done
[2.244s] -- Found ament_cmake: 2.5.6 (/opt/ros/jazzy/share/ament_cmake/cmake)
[2.448s] -- Found Python3: /usr/bin/python3 (found version "3.12.3") found components: Interpreter 
[2.555s] -- Override CMake install command with custom implementation using symlinks instead of copying resources
[2.731s] -- Configuring done (2.6s)
[2.736s] -- Generating done (0.0s)
[2.739s] -- Build files have been written to: /home/sarina/aot_bot/ros2_ws/build/chopped_urdf_v2_gazebo
[2.746s] Invoked command in '/home/sarina/aot_bot/ros2_ws/build/chopped_urdf_v2_gazebo' returned '0': AMENT_PREFIX_PATH=/home/sarina/aot_bot/ros2_ws/install/chopped_urdf_v2:${AMENT_PREFIX_PATH} CMAKE_PREFIX_PATH=/home/sarina/aot_bot/ros2_ws/install/chopped_urdf_v2:/opt/ros/jazzy/opt/gz_sim_vendor:/opt/ros/jazzy/opt/gz_sensors_vendor:/opt/ros/jazzy/opt/gz_physics_vendor:/opt/ros/jazzy/opt/sdformat_vendor:/opt/ros/jazzy/opt/gz_gui_vendor:/opt/ros/jazzy/opt/gz_transport_vendor:/opt/ros/jazzy/opt/gz_rendering_vendor:/opt/ros/jazzy/opt/gz_plugin_vendor:/opt/ros/jazzy/opt/gz_fuel_tools_vendor:/opt/ros/jazzy/opt/gz_msgs_vendor:/opt/ros/jazzy/opt/gz_common_vendor:/opt/ros/jazzy/opt/gz_math_vendor:/opt/ros/jazzy/opt/gz_utils_vendor:/opt/ros/jazzy/opt/gz_tools_vendor:/opt/ros/jazzy/opt/gz_ogre_next_vendor:/opt/ros/jazzy/opt/gz_dartsim_vendor:/opt/ros/jazzy/opt/gz_cmake_vendor:/opt/ros/jazzy /usr/bin/cmake /home/sarina/aot_bot/ros2_ws/src/chopped_urdf_v2_gazebo -DAMENT_CMAKE_SYMLINK_INSTALL=1 -DCMAKE_INSTALL_PREFIX=/home/sarina/aot_bot/ros2_ws/install/chopped_urdf_v2_gazebo
[2.747s] Invoking command in '/home/sarina/aot_bot/ros2_ws/build/chopped_urdf_v2_gazebo': AMENT_PREFIX_PATH=/home/sarina/aot_bot/ros2_ws/install/chopped_urdf_v2:${AMENT_PREFIX_PATH} CMAKE_PREFIX_PATH=/home/sarina/aot_bot/ros2_ws/install/chopped_urdf_v2:/opt/ros/jazzy/opt/gz_sim_vendor:/opt/ros/jazzy/opt/gz_sensors_vendor:/opt/ros/jazzy/opt/gz_physics_vendor:/opt/ros/jazzy/opt/sdformat_vendor:/opt/ros/jazzy/opt/gz_gui_vendor:/opt/ros/jazzy/opt/gz_transport_vendor:/opt/ros/jazzy/opt/gz_rendering_vendor:/opt/ros/jazzy/opt/gz_plugin_vendor:/opt/ros/jazzy/opt/gz_fuel_tools_vendor:/opt/ros/jazzy/opt/gz_msgs_vendor:/opt/ros/jazzy/opt/gz_common_vendor:/opt/ros/jazzy/opt/gz_math_vendor:/opt/ros/jazzy/opt/gz_utils_vendor:/opt/ros/jazzy/opt/gz_tools_vendor:/opt/ros/jazzy/opt/gz_ogre_next_vendor:/opt/ros/jazzy/opt/gz_dartsim_vendor:/opt/ros/jazzy/opt/gz_cmake_vendor:/opt/ros/jazzy /usr/bin/cmake --build /home/sarina/aot_bot/ros2_ws/build/chopped_urdf_v2_gazebo -- -j12 -l12
[2.797s] Invoked command in '/home/sarina/aot_bot/ros2_ws/build/chopped_urdf_v2_gazebo' returned '0': AMENT_PREFIX_PATH=/home/sarina/aot_bot/ros2_ws/install/chopped_urdf_v2:${AMENT_PREFIX_PATH} CMAKE_PREFIX_PATH=/home/sarina/aot_bot/ros2_ws/install/chopped_urdf_v2:/opt/ros/jazzy/opt/gz_sim_vendor:/opt/ros/jazzy/opt/gz_sensors_vendor:/opt/ros/jazzy/opt/gz_physics_vendor:/opt/ros/jazzy/opt/sdformat_vendor:/opt/ros/jazzy/opt/gz_gui_vendor:/opt/ros/jazzy/opt/gz_transport_vendor:/opt/ros/jazzy/opt/gz_rendering_vendor:/opt/ros/jazzy/opt/gz_plugin_vendor:/opt/ros/jazzy/opt/gz_fuel_tools_vendor:/opt/ros/jazzy/opt/gz_msgs_vendor:/opt/ros/jazzy/opt/gz_common_vendor:/opt/ros/jazzy/opt/gz_math_vendor:/opt/ros/jazzy/opt/gz_utils_vendor:/opt/ros/jazzy/opt/gz_tools_vendor:/opt/ros/jazzy/opt/gz_ogre_next_vendor:/opt/ros/jazzy/opt/gz_dartsim_vendor:/opt/ros/jazzy/opt/gz_cmake_vendor:/opt/ros/jazzy /usr/bin/cmake --build /home/sarina/aot_bot/ros2_ws/build/chopped_urdf_v2_gazebo -- -j12 -l12
[2.799s] Invoking command in '/home/sarina/aot_bot/ros2_ws/build/chopped_urdf_v2_gazebo': AMENT_PREFIX_PATH=/home/sarina/aot_bot/ros2_ws/install/chopped_urdf_v2:${AMENT_PREFIX_PATH} CMAKE_PREFIX_PATH=/home/sarina/aot_bot/ros2_ws/install/chopped_urdf_v2:/opt/ros/jazzy/opt/gz_sim_vendor:/opt/ros/jazzy/opt/gz_sensors_vendor:/opt/ros/jazzy/opt/gz_physics_vendor:/opt/ros/jazzy/opt/sdformat_vendor:/opt/ros/jazzy/opt/gz_gui_vendor:/opt/ros/jazzy/opt/gz_transport_vendor:/opt/ros/jazzy/opt/gz_rendering_vendor:/opt/ros/jazzy/opt/gz_plugin_vendor:/opt/ros/jazzy/opt/gz_fuel_tools_vendor:/opt/ros/jazzy/opt/gz_msgs_vendor:/opt/ros/jazzy/opt/gz_common_vendor:/opt/ros/jazzy/opt/gz_math_vendor:/opt/ros/jazzy/opt/gz_utils_vendor:/opt/ros/jazzy/opt/gz_tools_vendor:/opt/ros/jazzy/opt/gz_ogre_next_vendor:/opt/ros/jazzy/opt/gz_dartsim_vendor:/opt/ros/jazzy/opt/gz_cmake_vendor:/opt/ros/jazzy /usr/bin/cmake --install /home/sarina/aot_bot/ros2_ws/build/chopped_urdf_v2_gazebo
[2.809s] -- Install configuration: ""
[2.809s] -- Execute custom install script
[2.813s] -- Symlinking: /home/sarina/aot_bot/ros2_ws/install/chopped_urdf_v2_gazebo/share/chopped_urdf_v2_gazebo/launch/sim.launch.py
[2.828s] -- Symlinking: /home/sarina/aot_bot/ros2_ws/install/chopped_urdf_v2_gazebo/share/chopped_urdf_v2_gazebo/worlds/chopped_bot.sdf
[2.843s] -- Symlinking: /home/sarina/aot_bot/ros2_ws/install/chopped_urdf_v2_gazebo/share/chopped_urdf_v2_gazebo/rviz/chopped_bot.rviz
[2.857s] -- Symlinking: /home/sarina/aot_bot/ros2_ws/install/chopped_urdf_v2_gazebo/share/ament_index/resource_index/package_run_dependencies/chopped_urdf_v2_gazebo
[2.870s] -- Symlinking: /home/sarina/aot_bot/ros2_ws/install/chopped_urdf_v2_gazebo/share/ament_index/resource_index/parent_prefix_path/chopped_urdf_v2_gazebo
[2.886s] -- Symlinking: /home/sarina/aot_bot/ros2_ws/install/chopped_urdf_v2_gazebo/share/chopped_urdf_v2_gazebo/environment/ament_prefix_path.sh
[2.899s] -- Symlinking: /home/sarina/aot_bot/ros2_ws/install/chopped_urdf_v2_gazebo/share/chopped_urdf_v2_gazebo/environment/ament_prefix_path.dsv
[2.910s] -- Symlinking: /home/sarina/aot_bot/ros2_ws/install/chopped_urdf_v2_gazebo/share/chopped_urdf_v2_gazebo/environment/path.sh
[2.921s] -- Symlinking: /home/sarina/aot_bot/ros2_ws/install/chopped_urdf_v2_gazebo/share/chopped_urdf_v2_gazebo/environment/path.dsv
[2.932s] -- Symlinking: /home/sarina/aot_bot/ros2_ws/install/chopped_urdf_v2_gazebo/share/chopped_urdf_v2_gazebo/local_setup.bash
[2.945s] -- Symlinking: /home/sarina/aot_bot/ros2_ws/install/chopped_urdf_v2_gazebo/share/chopped_urdf_v2_gazebo/local_setup.sh
[2.956s] -- Symlinking: /home/sarina/aot_bot/ros2_ws/install/chopped_urdf_v2_gazebo/share/chopped_urdf_v2_gazebo/local_setup.zsh
[2.967s] -- Symlinking: /home/sarina/aot_bot/ros2_ws/install/chopped_urdf_v2_gazebo/share/chopped_urdf_v2_gazebo/local_setup.dsv
[2.978s] -- Symlinking: /home/sarina/aot_bot/ros2_ws/install/chopped_urdf_v2_gazebo/share/chopped_urdf_v2_gazebo/package.dsv
[2.989s] -- Symlinking: /home/sarina/aot_bot/ros2_ws/install/chopped_urdf_v2_gazebo/share/ament_index/resource_index/packages/chopped_urdf_v2_gazebo
[3.002s] -- Symlinking: /home/sarina/aot_bot/ros2_ws/install/chopped_urdf_v2_gazebo/share/chopped_urdf_v2_gazebo/cmake/chopped_urdf_v2_gazeboConfig.cmake
[3.013s] -- Symlinking: /home/sarina/aot_bot/ros2_ws/install/chopped_urdf_v2_gazebo/share/chopped_urdf_v2_gazebo/cmake/chopped_urdf_v2_gazeboConfig-version.cmake
[3.026s] -- Symlinking: /home/sarina/aot_bot/ros2_ws/install/chopped_urdf_v2_gazebo/share/chopped_urdf_v2_gazebo/package.xml
[3.040s] Invoked command in '/home/sarina/aot_bot/ros2_ws/build/chopped_urdf_v2_gazebo' returned '0': AMENT_PREFIX_PATH=/home/sarina/aot_bot/ros2_ws/install/chopped_urdf_v2:${AMENT_PREFIX_PATH} CMAKE_PREFIX_PATH=/home/sarina/aot_bot/ros2_ws/install/chopped_urdf_v2:/opt/ros/jazzy/opt/gz_sim_vendor:/opt/ros/jazzy/opt/gz_sensors_vendor:/opt/ros/jazzy/opt/gz_physics_vendor:/opt/ros/jazzy/opt/sdformat_vendor:/opt/ros/jazzy/opt/gz_gui_vendor:/opt/ros/jazzy/opt/gz_transport_vendor:/opt/ros/jazzy/opt/gz_rendering_vendor:/opt/ros/jazzy/opt/gz_plugin_vendor:/opt/ros/jazzy/opt/gz_fuel_tools_vendor:/opt/ros/jazzy/opt/gz_msgs_vendor:/opt/ros/jazzy/opt/gz_common_vendor:/opt/ros/jazzy/opt/gz_math_vendor:/opt/ros/jazzy/opt/gz_utils_vendor:/opt/ros/jazzy/opt/gz_tools_vendor:/opt/ros/jazzy/opt/gz_ogre_next_vendor:/opt/ros/jazzy/opt/gz_dartsim_vendor:/opt/ros/jazzy/opt/gz_cmake_vendor:/opt/ros/jazzy /usr/bin/cmake --install /home/sarina/aot_bot/ros2_ws/build/chopped_urdf_v2_gazebo
