[0.052s] Invoking command in '/home/sarina/aot_bot/ros2_ws/build/chopped_urdf_v2_gazebo': AMENT_PREFIX_PATH=/home/sarina/aot_bot/ros2_ws/install/chopped_urdf_v2:${AMENT_PREFIX_PATH} CMAKE_PREFIX_PATH=/home/sarina/aot_bot/ros2_ws/install/chopped_urdf_v2:/opt/ros/jazzy/opt/gz_sim_vendor:/opt/ros/jazzy/opt/gz_sensors_vendor:/opt/ros/jazzy/opt/gz_physics_vendor:/opt/ros/jazzy/opt/sdformat_vendor:/opt/ros/jazzy/opt/gz_gui_vendor:/opt/ros/jazzy/opt/gz_transport_vendor:/opt/ros/jazzy/opt/gz_rendering_vendor:/opt/ros/jazzy/opt/gz_plugin_vendor:/opt/ros/jazzy/opt/gz_fuel_tools_vendor:/opt/ros/jazzy/opt/gz_msgs_vendor:/opt/ros/jazzy/opt/gz_common_vendor:/opt/ros/jazzy/opt/gz_math_vendor:/opt/ros/jazzy/opt/gz_utils_vendor:/opt/ros/jazzy/opt/gz_tools_vendor:/opt/ros/jazzy/opt/gz_ogre_next_vendor:/opt/ros/jazzy/opt/gz_dartsim_vendor:/opt/ros/jazzy/opt/gz_cmake_vendor:/opt/ros/jazzy /usr/bin/cmake --build /home/sarina/aot_bot/ros2_ws/build/chopped_urdf_v2_gazebo -- -j12 -l12
[0.103s] Invoked command in '/home/sarina/aot_bot/ros2_ws/build/chopped_urdf_v2_gazebo' returned '0': AMENT_PREFIX_PATH=/home/sarina/aot_bot/ros2_ws/install/chopped_urdf_v2:${AMENT_PREFIX_PATH} CMAKE_PREFIX_PATH=/home/sarina/aot_bot/ros2_ws/install/chopped_urdf_v2:/opt/ros/jazzy/opt/gz_sim_vendor:/opt/ros/jazzy/opt/gz_sensors_vendor:/opt/ros/jazzy/opt/gz_physics_vendor:/opt/ros/jazzy/opt/sdformat_vendor:/opt/ros/jazzy/opt/gz_gui_vendor:/opt/ros/jazzy/opt/gz_transport_vendor:/opt/ros/jazzy/opt/gz_rendering_vendor:/opt/ros/jazzy/opt/gz_plugin_vendor:/opt/ros/jazzy/opt/gz_fuel_tools_vendor:/opt/ros/jazzy/opt/gz_msgs_vendor:/opt/ros/jazzy/opt/gz_common_vendor:/opt/ros/jazzy/opt/gz_math_vendor:/opt/ros/jazzy/opt/gz_utils_vendor:/opt/ros/jazzy/opt/gz_tools_vendor:/opt/ros/jazzy/opt/gz_ogre_next_vendor:/opt/ros/jazzy/opt/gz_dartsim_vendor:/opt/ros/jazzy/opt/gz_cmake_vendor:/opt/ros/jazzy /usr/bin/cmake --build /home/sarina/aot_bot/ros2_ws/build/chopped_urdf_v2_gazebo -- -j12 -l12
[0.104s] Invoking command in '/home/sarina/aot_bot/ros2_ws/build/chopped_urdf_v2_gazebo': AMENT_PREFIX_PATH=/home/sarina/aot_bot/ros2_ws/install/chopped_urdf_v2:${AMENT_PREFIX_PATH} CMAKE_PREFIX_PATH=/home/sarina/aot_bot/ros2_ws/install/chopped_urdf_v2:/opt/ros/jazzy/opt/gz_sim_vendor:/opt/ros/jazzy/opt/gz_sensors_vendor:/opt/ros/jazzy/opt/gz_physics_vendor:/opt/ros/jazzy/opt/sdformat_vendor:/opt/ros/jazzy/opt/gz_gui_vendor:/opt/ros/jazzy/opt/gz_transport_vendor:/opt/ros/jazzy/opt/gz_rendering_vendor:/opt/ros/jazzy/opt/gz_plugin_vendor:/opt/ros/jazzy/opt/gz_fuel_tools_vendor:/opt/ros/jazzy/opt/gz_msgs_vendor:/opt/ros/jazzy/opt/gz_common_vendor:/opt/ros/jazzy/opt/gz_math_vendor:/opt/ros/jazzy/opt/gz_utils_vendor:/opt/ros/jazzy/opt/gz_tools_vendor:/opt/ros/jazzy/opt/gz_ogre_next_vendor:/opt/ros/jazzy/opt/gz_dartsim_vendor:/opt/ros/jazzy/opt/gz_cmake_vendor:/opt/ros/jazzy /usr/bin/cmake --install /home/sarina/aot_bot/ros2_ws/build/chopped_urdf_v2_gazebo
[0.115s] -- Install configuration: ""
[0.116s] -- Execute custom install script
[0.116s] -- Up-to-date symlink: /home/sarina/aot_bot/ros2_ws/install/chopped_urdf_v2_gazebo/share/chopped_urdf_v2_gazebo/launch/sim.launch.py
[0.117s] -- Up-to-date symlink: /home/sarina/aot_bot/ros2_ws/install/chopped_urdf_v2_gazebo/share/chopped_urdf_v2_gazebo/worlds/chopped_bot.sdf
[0.117s] -- Up-to-date symlink: /home/sarina/aot_bot/ros2_ws/install/chopped_urdf_v2_gazebo/share/chopped_urdf_v2_gazebo/rviz/chopped_bot.rviz
[0.117s] -- Up-to-date symlink: /home/sarina/aot_bot/ros2_ws/install/chopped_urdf_v2_gazebo/share/ament_index/resource_index/package_run_dependencies/chopped_urdf_v2_gazebo
[0.118s] -- Up-to-date symlink: /home/sarina/aot_bot/ros2_ws/install/chopped_urdf_v2_gazebo/share/ament_index/resource_index/parent_prefix_path/chopped_urdf_v2_gazebo
[0.118s] -- Up-to-date symlink: /home/sarina/aot_bot/ros2_ws/install/chopped_urdf_v2_gazebo/share/chopped_urdf_v2_gazebo/environment/ament_prefix_path.sh
[0.118s] -- Up-to-date symlink: /home/sarina/aot_bot/ros2_ws/install/chopped_urdf_v2_gazebo/share/chopped_urdf_v2_gazebo/environment/ament_prefix_path.dsv
[0.119s] -- Up-to-date symlink: /home/sarina/aot_bot/ros2_ws/install/chopped_urdf_v2_gazebo/share/chopped_urdf_v2_gazebo/environment/path.sh
[0.119s] -- Up-to-date symlink: /home/sarina/aot_bot/ros2_ws/install/chopped_urdf_v2_gazebo/share/chopped_urdf_v2_gazebo/environment/path.dsv
[0.119s] -- Up-to-date symlink: /home/sarina/aot_bot/ros2_ws/install/chopped_urdf_v2_gazebo/share/chopped_urdf_v2_gazebo/local_setup.bash
[0.120s] -- Up-to-date symlink: /home/sarina/aot_bot/ros2_ws/install/chopped_urdf_v2_gazebo/share/chopped_urdf_v2_gazebo/local_setup.sh
[0.120s] -- Up-to-date symlink: /home/sarina/aot_bot/ros2_ws/install/chopped_urdf_v2_gazebo/share/chopped_urdf_v2_gazebo/local_setup.zsh
[0.120s] -- Up-to-date symlink: /home/sarina/aot_bot/ros2_ws/install/chopped_urdf_v2_gazebo/share/chopped_urdf_v2_gazebo/local_setup.dsv
[0.120s] -- Symlinking: /home/sarina/aot_bot/ros2_ws/install/chopped_urdf_v2_gazebo/share/chopped_urdf_v2_gazebo/package.dsv
[0.133s] -- Up-to-date symlink: /home/sarina/aot_bot/ros2_ws/install/chopped_urdf_v2_gazebo/share/ament_index/resource_index/packages/chopped_urdf_v2_gazebo
[0.133s] -- Up-to-date symlink: /home/sarina/aot_bot/ros2_ws/install/chopped_urdf_v2_gazebo/share/chopped_urdf_v2_gazebo/cmake/chopped_urdf_v2_gazeboConfig.cmake
[0.133s] -- Up-to-date symlink: /home/sarina/aot_bot/ros2_ws/install/chopped_urdf_v2_gazebo/share/chopped_urdf_v2_gazebo/cmake/chopped_urdf_v2_gazeboConfig-version.cmake
[0.134s] -- Up-to-date symlink: /home/sarina/aot_bot/ros2_ws/install/chopped_urdf_v2_gazebo/share/chopped_urdf_v2_gazebo/package.xml
[0.136s] Invoked command in '/home/sarina/aot_bot/ros2_ws/build/chopped_urdf_v2_gazebo' returned '0': AMENT_PREFIX_PATH=/home/sarina/aot_bot/ros2_ws/install/chopped_urdf_v2:${AMENT_PREFIX_PATH} CMAKE_PREFIX_PATH=/home/sarina/aot_bot/ros2_ws/install/chopped_urdf_v2:/opt/ros/jazzy/opt/gz_sim_vendor:/opt/ros/jazzy/opt/gz_sensors_vendor:/opt/ros/jazzy/opt/gz_physics_vendor:/opt/ros/jazzy/opt/sdformat_vendor:/opt/ros/jazzy/opt/gz_gui_vendor:/opt/ros/jazzy/opt/gz_transport_vendor:/opt/ros/jazzy/opt/gz_rendering_vendor:/opt/ros/jazzy/opt/gz_plugin_vendor:/opt/ros/jazzy/opt/gz_fuel_tools_vendor:/opt/ros/jazzy/opt/gz_msgs_vendor:/opt/ros/jazzy/opt/gz_common_vendor:/opt/ros/jazzy/opt/gz_math_vendor:/opt/ros/jazzy/opt/gz_utils_vendor:/opt/ros/jazzy/opt/gz_tools_vendor:/opt/ros/jazzy/opt/gz_ogre_next_vendor:/opt/ros/jazzy/opt/gz_dartsim_vendor:/opt/ros/jazzy/opt/gz_cmake_vendor:/opt/ros/jazzy /usr/bin/cmake --install /home/sarina/aot_bot/ros2_ws/build/chopped_urdf_v2_gazebo
