[0.285s] DEBUG:colcon:Command line arguments: ['/usr/bin/colcon', 'build', '--symlink-install']
[0.285s] DEBUG:colcon:Parsed command line arguments: Namespace(log_base=None, log_level=None, verb_name='build', build_base='build', install_base='install', merge_install=False, symlink_install=True, test_result_base=None, continue_on_error=False, executor='parallel', parallel_workers=12, event_handlers=None, ignore_user_meta=False, metas=['./colcon.meta'], base_paths=['.'], packages_ignore=None, packages_ignore_regex=None, paths=None, packages_up_to=None, packages_up_to_regex=None, packages_above=None, packages_above_and_dependencies=None, packages_above_depth=None, packages_select_by_dep=None, packages_skip_by_dep=None, packages_skip_up_to=None, packages_select_build_failed=False, packages_skip_build_finished=False, packages_select_test_failures=False, packages_skip_test_passed=False, packages_select=None, packages_skip=None, packages_select_regex=None, packages_skip_regex=None, packages_start=None, packages_end=None, allow_overriding=[], cmake_args=None, cmake_target=None, cmake_target_skip_unavailable=False, cmake_clean_cache=False, cmake_clean_first=False, cmake_force_configure=False, ament_cmake_args=None, catkin_cmake_args=None, catkin_skip_building_tests=False, verb_parser=<colcon_defaults.argument_parser.defaults.DefaultArgumentsDecorator object at 0x763313d71760>, verb_extension=<colcon_core.verb.build.BuildVerb object at 0x763313e8a210>, main=<bound method BuildVerb.main of <colcon_core.verb.build.BuildVerb object at 0x763313e8a210>>)
[0.351s] Level 1:colcon.colcon_core.package_discovery:discover_packages(colcon_meta) check parameters
[0.351s] Level 1:colcon.colcon_core.package_discovery:discover_packages(recursive) check parameters
[0.351s] Level 1:colcon.colcon_core.package_discovery:discover_packages(ignore) check parameters
[0.351s] Level 1:colcon.colcon_core.package_discovery:discover_packages(path) check parameters
[0.351s] Level 1:colcon.colcon_core.package_discovery:discover_packages(colcon_meta) discover
[0.351s] Level 1:colcon.colcon_core.package_discovery:discover_packages(recursive) discover
[0.351s] INFO:colcon.colcon_core.package_discovery:Crawling recursively for packages in '/home/sarina/aot_bot/ros2_ws'
[0.351s] Level 1:colcon.colcon_core.package_identification:_identify(.) by extensions ['ignore', 'ignore_ament_install']
[0.352s] Level 1:colcon.colcon_core.package_identification:_identify(.) by extension 'ignore'
[0.352s] Level 1:colcon.colcon_core.package_identification:_identify(.) by extension 'ignore_ament_install'
[0.352s] Level 1:colcon.colcon_core.package_identification:_identify(.) by extensions ['colcon_pkg']
[0.352s] Level 1:colcon.colcon_core.package_identification:_identify(.) by extension 'colcon_pkg'
[0.352s] Level 1:colcon.colcon_core.package_identification:_identify(.) by extensions ['colcon_meta']
[0.352s] Level 1:colcon.colcon_core.package_identification:_identify(.) by extension 'colcon_meta'
[0.352s] Level 1:colcon.colcon_core.package_identification:_identify(.) by extensions ['ros']
[0.352s] Level 1:colcon.colcon_core.package_identification:_identify(.) by extension 'ros'
[0.397s] Level 1:colcon.colcon_core.package_identification:_identify(.) by extensions ['cmake', 'python']
[0.397s] Level 1:colcon.colcon_core.package_identification:_identify(.) by extension 'cmake'
[0.397s] Level 1:colcon.colcon_core.package_identification:_identify(.) by extension 'python'
[0.397s] Level 1:colcon.colcon_core.package_identification:_identify(.) by extensions ['python_setup_py']
[0.397s] Level 1:colcon.colcon_core.package_identification:_identify(.) by extension 'python_setup_py'
[0.397s] Level 1:colcon.colcon_core.package_identification:_identify(build) by extensions ['ignore', 'ignore_ament_install']
[0.397s] Level 1:colcon.colcon_core.package_identification:_identify(build) by extension 'ignore'
[0.397s] Level 1:colcon.colcon_core.package_identification:_identify(build) ignored
[0.397s] Level 1:colcon.colcon_core.package_identification:_identify(install) by extensions ['ignore', 'ignore_ament_install']
[0.398s] Level 1:colcon.colcon_core.package_identification:_identify(install) by extension 'ignore'
[0.398s] Level 1:colcon.colcon_core.package_identification:_identify(install) ignored
[0.398s] Level 1:colcon.colcon_core.package_identification:_identify(log) by extensions ['ignore', 'ignore_ament_install']
[0.398s] Level 1:colcon.colcon_core.package_identification:_identify(log) by extension 'ignore'
[0.398s] Level 1:colcon.colcon_core.package_identification:_identify(log) ignored
[0.398s] Level 1:colcon.colcon_core.package_identification:_identify(src) by extensions ['ignore', 'ignore_ament_install']
[0.398s] Level 1:colcon.colcon_core.package_identification:_identify(src) by extension 'ignore'
[0.398s] Level 1:colcon.colcon_core.package_identification:_identify(src) by extension 'ignore_ament_install'
[0.398s] Level 1:colcon.colcon_core.package_identification:_identify(src) by extensions ['colcon_pkg']
[0.398s] Level 1:colcon.colcon_core.package_identification:_identify(src) by extension 'colcon_pkg'
[0.398s] Level 1:colcon.colcon_core.package_identification:_identify(src) by extensions ['colcon_meta']
[0.399s] Level 1:colcon.colcon_core.package_identification:_identify(src) by extension 'colcon_meta'
[0.399s] Level 1:colcon.colcon_core.package_identification:_identify(src) by extensions ['ros']
[0.399s] Level 1:colcon.colcon_core.package_identification:_identify(src) by extension 'ros'
[0.399s] Level 1:colcon.colcon_core.package_identification:_identify(src) by extensions ['cmake', 'python']
[0.399s] Level 1:colcon.colcon_core.package_identification:_identify(src) by extension 'cmake'
[0.399s] Level 1:colcon.colcon_core.package_identification:_identify(src) by extension 'python'
[0.399s] Level 1:colcon.colcon_core.package_identification:_identify(src) by extensions ['python_setup_py']
[0.399s] Level 1:colcon.colcon_core.package_identification:_identify(src) by extension 'python_setup_py'
[0.400s] Level 1:colcon.colcon_core.package_identification:_identify(src/chopped_urdf_v2) by extensions ['ignore', 'ignore_ament_install']
[0.400s] Level 1:colcon.colcon_core.package_identification:_identify(src/chopped_urdf_v2) by extension 'ignore'
[0.400s] Level 1:colcon.colcon_core.package_identification:_identify(src/chopped_urdf_v2) by extension 'ignore_ament_install'
[0.400s] Level 1:colcon.colcon_core.package_identification:_identify(src/chopped_urdf_v2) by extensions ['colcon_pkg']
[0.400s] Level 1:colcon.colcon_core.package_identification:_identify(src/chopped_urdf_v2) by extension 'colcon_pkg'
[0.401s] Level 1:colcon.colcon_core.package_identification:_identify(src/chopped_urdf_v2) by extensions ['colcon_meta']
[0.401s] Level 1:colcon.colcon_core.package_identification:_identify(src/chopped_urdf_v2) by extension 'colcon_meta'
[0.401s] Level 1:colcon.colcon_core.package_identification:_identify(src/chopped_urdf_v2) by extensions ['ros']
[0.401s] Level 1:colcon.colcon_core.package_identification:_identify(src/chopped_urdf_v2) by extension 'ros'
[0.404s] DEBUG:colcon.colcon_core.package_identification:Package 'src/chopped_urdf_v2' with type 'ros.ament_cmake' and name 'chopped_urdf_v2'
[0.405s] Level 1:colcon.colcon_core.package_identification:_identify(src/chopped_urdf_v2_gazebo) by extensions ['ignore', 'ignore_ament_install']
[0.405s] Level 1:colcon.colcon_core.package_identification:_identify(src/chopped_urdf_v2_gazebo) by extension 'ignore'
[0.405s] Level 1:colcon.colcon_core.package_identification:_identify(src/chopped_urdf_v2_gazebo) by extension 'ignore_ament_install'
[0.405s] Level 1:colcon.colcon_core.package_identification:_identify(src/chopped_urdf_v2_gazebo) by extensions ['colcon_pkg']
[0.405s] Level 1:colcon.colcon_core.package_identification:_identify(src/chopped_urdf_v2_gazebo) by extension 'colcon_pkg'
[0.405s] Level 1:colcon.colcon_core.package_identification:_identify(src/chopped_urdf_v2_gazebo) by extensions ['colcon_meta']
[0.405s] Level 1:colcon.colcon_core.package_identification:_identify(src/chopped_urdf_v2_gazebo) by extension 'colcon_meta'
[0.405s] Level 1:colcon.colcon_core.package_identification:_identify(src/chopped_urdf_v2_gazebo) by extensions ['ros']
[0.405s] Level 1:colcon.colcon_core.package_identification:_identify(src/chopped_urdf_v2_gazebo) by extension 'ros'
[0.406s] DEBUG:colcon.colcon_core.package_identification:Package 'src/chopped_urdf_v2_gazebo' with type 'ros.ament_cmake' and name 'chopped_urdf_v2_gazebo'
[0.406s] Level 1:colcon.colcon_core.package_discovery:discover_packages(recursive) using defaults
[0.406s] Level 1:colcon.colcon_core.package_discovery:discover_packages(ignore) discover
[0.406s] Level 1:colcon.colcon_core.package_discovery:discover_packages(ignore) using defaults
[0.406s] Level 1:colcon.colcon_core.package_discovery:discover_packages(path) discover
[0.406s] Level 1:colcon.colcon_core.package_discovery:discover_packages(path) using defaults
[0.437s] Level 1:colcon.colcon_core.package_discovery:discover_packages(prefix_path) check parameters
[0.437s] Level 1:colcon.colcon_core.package_discovery:discover_packages(prefix_path) discover
[0.440s] DEBUG:colcon.colcon_installed_package_information.package_discovery:Found 312 installed packages in /opt/ros/jazzy
[0.441s] Level 1:colcon.colcon_core.package_discovery:discover_packages(prefix_path) using defaults
[0.497s] Level 5:colcon.colcon_core.verb:set package 'chopped_urdf_v2' build argument 'cmake_args' from command line to 'None'
[0.497s] Level 5:colcon.colcon_core.verb:set package 'chopped_urdf_v2' build argument 'cmake_target' from command line to 'None'
[0.497s] Level 5:colcon.colcon_core.verb:set package 'chopped_urdf_v2' build argument 'cmake_target_skip_unavailable' from command line to 'False'
[0.498s] Level 5:colcon.colcon_core.verb:set package 'chopped_urdf_v2' build argument 'cmake_clean_cache' from command line to 'False'
[0.498s] Level 5:colcon.colcon_core.verb:set package 'chopped_urdf_v2' build argument 'cmake_clean_first' from command line to 'False'
[0.498s] Level 5:colcon.colcon_core.verb:set package 'chopped_urdf_v2' build argument 'cmake_force_configure' from command line to 'False'
[0.498s] Level 5:colcon.colcon_core.verb:set package 'chopped_urdf_v2' build argument 'ament_cmake_args' from command line to 'None'
[0.498s] Level 5:colcon.colcon_core.verb:set package 'chopped_urdf_v2' build argument 'catkin_cmake_args' from command line to 'None'
[0.498s] Level 5:colcon.colcon_core.verb:set package 'chopped_urdf_v2' build argument 'catkin_skip_building_tests' from command line to 'False'
[0.498s] DEBUG:colcon.colcon_core.verb:Building package 'chopped_urdf_v2' with the following arguments: {'ament_cmake_args': None, 'build_base': '/home/sarina/aot_bot/ros2_ws/build/chopped_urdf_v2', 'catkin_cmake_args': None, 'catkin_skip_building_tests': False, 'cmake_args': None, 'cmake_clean_cache': False, 'cmake_clean_first': False, 'cmake_force_configure': False, 'cmake_target': None, 'cmake_target_skip_unavailable': False, 'install_base': '/home/sarina/aot_bot/ros2_ws/install/chopped_urdf_v2', 'merge_install': False, 'path': '/home/sarina/aot_bot/ros2_ws/src/chopped_urdf_v2', 'symlink_install': True, 'test_result_base': None}
[0.498s] Level 5:colcon.colcon_core.verb:set package 'chopped_urdf_v2_gazebo' build argument 'cmake_args' from command line to 'None'
[0.498s] Level 5:colcon.colcon_core.verb:set package 'chopped_urdf_v2_gazebo' build argument 'cmake_target' from command line to 'None'
[0.498s] Level 5:colcon.colcon_core.verb:set package 'chopped_urdf_v2_gazebo' build argument 'cmake_target_skip_unavailable' from command line to 'False'
[0.498s] Level 5:colcon.colcon_core.verb:set package 'chopped_urdf_v2_gazebo' build argument 'cmake_clean_cache' from command line to 'False'
[0.498s] Level 5:colcon.colcon_core.verb:set package 'chopped_urdf_v2_gazebo' build argument 'cmake_clean_first' from command line to 'False'
[0.498s] Level 5:colcon.colcon_core.verb:set package 'chopped_urdf_v2_gazebo' build argument 'cmake_force_configure' from command line to 'False'
[0.498s] Level 5:colcon.colcon_core.verb:set package 'chopped_urdf_v2_gazebo' build argument 'ament_cmake_args' from command line to 'None'
[0.498s] Level 5:colcon.colcon_core.verb:set package 'chopped_urdf_v2_gazebo' build argument 'catkin_cmake_args' from command line to 'None'
[0.498s] Level 5:colcon.colcon_core.verb:set package 'chopped_urdf_v2_gazebo' build argument 'catkin_skip_building_tests' from command line to 'False'
[0.498s] DEBUG:colcon.colcon_core.verb:Building package 'chopped_urdf_v2_gazebo' with the following arguments: {'ament_cmake_args': None, 'build_base': '/home/sarina/aot_bot/ros2_ws/build/chopped_urdf_v2_gazebo', 'catkin_cmake_args': None, 'catkin_skip_building_tests': False, 'cmake_args': None, 'cmake_clean_cache': False, 'cmake_clean_first': False, 'cmake_force_configure': False, 'cmake_target': None, 'cmake_target_skip_unavailable': False, 'install_base': '/home/sarina/aot_bot/ros2_ws/install/chopped_urdf_v2_gazebo', 'merge_install': False, 'path': '/home/sarina/aot_bot/ros2_ws/src/chopped_urdf_v2_gazebo', 'symlink_install': True, 'test_result_base': None}
[0.498s] INFO:colcon.colcon_core.executor:Executing jobs using 'parallel' executor
[0.500s] DEBUG:colcon.colcon_parallel_executor.executor.parallel:run_until_complete
[0.500s] INFO:colcon.colcon_ros.task.ament_cmake.build:Building ROS package in '/home/sarina/aot_bot/ros2_ws/src/chopped_urdf_v2' with build type 'ament_cmake'
[0.501s] INFO:colcon.colcon_cmake.task.cmake.build:Building CMake package in '/home/sarina/aot_bot/ros2_ws/src/chopped_urdf_v2'
[0.505s] INFO:colcon.colcon_core.plugin_system:Skipping extension 'colcon_core.shell.bat': Not used on non-Windows systems
[0.506s] INFO:colcon.colcon_core.shell:Skip shell extension 'powershell' for command environment: Not usable outside of PowerShell
[0.506s] DEBUG:colcon.colcon_core.shell:Skip shell extension 'dsv' for command environment
[0.520s] DEBUG:colcon.colcon_core.event_handler.log_command:Invoking command in '/home/sarina/aot_bot/ros2_ws/build/chopped_urdf_v2': CMAKE_PREFIX_PATH=${CMAKE_PREFIX_PATH}:/opt/ros/jazzy /usr/bin/cmake --build /home/sarina/aot_bot/ros2_ws/build/chopped_urdf_v2 -- -j12 -l12
[0.581s] DEBUG:colcon.colcon_core.event_handler.log_command:Invoked command in '/home/sarina/aot_bot/ros2_ws/build/chopped_urdf_v2' returned '0': CMAKE_PREFIX_PATH=${CMAKE_PREFIX_PATH}:/opt/ros/jazzy /usr/bin/cmake --build /home/sarina/aot_bot/ros2_ws/build/chopped_urdf_v2 -- -j12 -l12
[0.597s] DEBUG:colcon.colcon_core.event_handler.log_command:Invoking command in '/home/sarina/aot_bot/ros2_ws/build/chopped_urdf_v2': CMAKE_PREFIX_PATH=${CMAKE_PREFIX_PATH}:/opt/ros/jazzy /usr/bin/cmake --install /home/sarina/aot_bot/ros2_ws/build/chopped_urdf_v2
[0.639s] Level 1:colcon.colcon_core.environment:create_environment_scripts_only(chopped_urdf_v2)
[0.640s] DEBUG:colcon.colcon_core.event_handler.log_command:Invoked command in '/home/sarina/aot_bot/ros2_ws/build/chopped_urdf_v2' returned '0': CMAKE_PREFIX_PATH=${CMAKE_PREFIX_PATH}:/opt/ros/jazzy /usr/bin/cmake --install /home/sarina/aot_bot/ros2_ws/build/chopped_urdf_v2
[0.642s] Level 1:colcon.colcon_core.environment:checking '/home/sarina/aot_bot/ros2_ws/install/chopped_urdf_v2' for CMake module files
[0.643s] Level 1:colcon.colcon_core.environment:checking '/home/sarina/aot_bot/ros2_ws/install/chopped_urdf_v2' for CMake config files
[0.644s] Level 1:colcon.colcon_core.shell:create_environment_hook('chopped_urdf_v2', 'cmake_prefix_path')
[0.644s] INFO:colcon.colcon_core.shell:Creating environment hook '/home/sarina/aot_bot/ros2_ws/install/chopped_urdf_v2/share/chopped_urdf_v2/hook/cmake_prefix_path.ps1'
[0.645s] INFO:colcon.colcon_core.shell:Creating environment descriptor '/home/sarina/aot_bot/ros2_ws/install/chopped_urdf_v2/share/chopped_urdf_v2/hook/cmake_prefix_path.dsv'
[0.645s] INFO:colcon.colcon_core.shell:Creating environment hook '/home/sarina/aot_bot/ros2_ws/install/chopped_urdf_v2/share/chopped_urdf_v2/hook/cmake_prefix_path.sh'
[0.647s] Level 1:colcon.colcon_core.environment:checking '/home/sarina/aot_bot/ros2_ws/install/chopped_urdf_v2/bin'
[0.647s] Level 1:colcon.colcon_core.environment:checking '/home/sarina/aot_bot/ros2_ws/install/chopped_urdf_v2/lib/pkgconfig/chopped_urdf_v2.pc'
[0.647s] Level 1:colcon.colcon_core.environment:checking '/home/sarina/aot_bot/ros2_ws/install/chopped_urdf_v2/lib/python3.12/site-packages'
[0.648s] Level 1:colcon.colcon_core.environment:checking '/home/sarina/aot_bot/ros2_ws/install/chopped_urdf_v2/bin'
[0.649s] INFO:colcon.colcon_core.shell:Creating package script '/home/sarina/aot_bot/ros2_ws/install/chopped_urdf_v2/share/chopped_urdf_v2/package.ps1'
[0.650s] INFO:colcon.colcon_core.shell:Creating package descriptor '/home/sarina/aot_bot/ros2_ws/install/chopped_urdf_v2/share/chopped_urdf_v2/package.dsv'
[0.651s] INFO:colcon.colcon_core.shell:Creating package script '/home/sarina/aot_bot/ros2_ws/install/chopped_urdf_v2/share/chopped_urdf_v2/package.sh'
[0.652s] INFO:colcon.colcon_core.shell:Creating package script '/home/sarina/aot_bot/ros2_ws/install/chopped_urdf_v2/share/chopped_urdf_v2/package.bash'
[0.653s] INFO:colcon.colcon_core.shell:Creating package script '/home/sarina/aot_bot/ros2_ws/install/chopped_urdf_v2/share/chopped_urdf_v2/package.zsh'
[0.655s] Level 1:colcon.colcon_core.environment:create_file_with_runtime_dependencies(/home/sarina/aot_bot/ros2_ws/install/chopped_urdf_v2/share/colcon-core/packages/chopped_urdf_v2)
[0.657s] Level 1:colcon.colcon_core.environment:create_environment_scripts_only(chopped_urdf_v2)
[0.657s] Level 1:colcon.colcon_core.environment:checking '/home/sarina/aot_bot/ros2_ws/install/chopped_urdf_v2' for CMake module files
[0.657s] Level 1:colcon.colcon_core.environment:checking '/home/sarina/aot_bot/ros2_ws/install/chopped_urdf_v2' for CMake config files
[0.658s] Level 1:colcon.colcon_core.shell:create_environment_hook('chopped_urdf_v2', 'cmake_prefix_path')
[0.658s] INFO:colcon.colcon_core.shell:Creating environment hook '/home/sarina/aot_bot/ros2_ws/install/chopped_urdf_v2/share/chopped_urdf_v2/hook/cmake_prefix_path.ps1'
[0.659s] INFO:colcon.colcon_core.shell:Creating environment descriptor '/home/sarina/aot_bot/ros2_ws/install/chopped_urdf_v2/share/chopped_urdf_v2/hook/cmake_prefix_path.dsv'
[0.659s] INFO:colcon.colcon_core.shell:Creating environment hook '/home/sarina/aot_bot/ros2_ws/install/chopped_urdf_v2/share/chopped_urdf_v2/hook/cmake_prefix_path.sh'
[0.660s] Level 1:colcon.colcon_core.environment:checking '/home/sarina/aot_bot/ros2_ws/install/chopped_urdf_v2/bin'
[0.661s] Level 1:colcon.colcon_core.environment:checking '/home/sarina/aot_bot/ros2_ws/install/chopped_urdf_v2/lib/pkgconfig/chopped_urdf_v2.pc'
[0.661s] Level 1:colcon.colcon_core.environment:checking '/home/sarina/aot_bot/ros2_ws/install/chopped_urdf_v2/lib/python3.12/site-packages'
[0.661s] Level 1:colcon.colcon_core.environment:checking '/home/sarina/aot_bot/ros2_ws/install/chopped_urdf_v2/bin'
[0.662s] INFO:colcon.colcon_core.shell:Creating package script '/home/sarina/aot_bot/ros2_ws/install/chopped_urdf_v2/share/chopped_urdf_v2/package.ps1'
[0.662s] INFO:colcon.colcon_core.shell:Creating package descriptor '/home/sarina/aot_bot/ros2_ws/install/chopped_urdf_v2/share/chopped_urdf_v2/package.dsv'
[0.663s] INFO:colcon.colcon_core.shell:Creating package script '/home/sarina/aot_bot/ros2_ws/install/chopped_urdf_v2/share/chopped_urdf_v2/package.sh'
[0.663s] INFO:colcon.colcon_core.shell:Creating package script '/home/sarina/aot_bot/ros2_ws/install/chopped_urdf_v2/share/chopped_urdf_v2/package.bash'
[0.664s] INFO:colcon.colcon_core.shell:Creating package script '/home/sarina/aot_bot/ros2_ws/install/chopped_urdf_v2/share/chopped_urdf_v2/package.zsh'
[0.664s] Level 1:colcon.colcon_core.environment:create_file_with_runtime_dependencies(/home/sarina/aot_bot/ros2_ws/install/chopped_urdf_v2/share/colcon-core/packages/chopped_urdf_v2)
[0.665s] INFO:colcon.colcon_ros.task.ament_cmake.build:Building ROS package in '/home/sarina/aot_bot/ros2_ws/src/chopped_urdf_v2_gazebo' with build type 'ament_cmake'
[0.665s] INFO:colcon.colcon_cmake.task.cmake.build:Building CMake package in '/home/sarina/aot_bot/ros2_ws/src/chopped_urdf_v2_gazebo'
[0.665s] INFO:colcon.colcon_core.shell:Skip shell extension 'powershell' for command environment: Not usable outside of PowerShell
[0.665s] DEBUG:colcon.colcon_core.shell:Skip shell extension 'dsv' for command environment
[0.726s] DEBUG:colcon.colcon_core.event_handler.log_command:Invoking command in '/home/sarina/aot_bot/ros2_ws/build/chopped_urdf_v2_gazebo': AMENT_PREFIX_PATH=/home/sarina/aot_bot/ros2_ws/install/chopped_urdf_v2:${AMENT_PREFIX_PATH} CMAKE_PREFIX_PATH=/home/sarina/aot_bot/ros2_ws/install/chopped_urdf_v2:/opt/ros/jazzy/opt/gz_sim_vendor:/opt/ros/jazzy/opt/gz_sensors_vendor:/opt/ros/jazzy/opt/gz_physics_vendor:/opt/ros/jazzy/opt/sdformat_vendor:/opt/ros/jazzy/opt/gz_gui_vendor:/opt/ros/jazzy/opt/gz_transport_vendor:/opt/ros/jazzy/opt/gz_rendering_vendor:/opt/ros/jazzy/opt/gz_plugin_vendor:/opt/ros/jazzy/opt/gz_fuel_tools_vendor:/opt/ros/jazzy/opt/gz_msgs_vendor:/opt/ros/jazzy/opt/gz_common_vendor:/opt/ros/jazzy/opt/gz_math_vendor:/opt/ros/jazzy/opt/gz_utils_vendor:/opt/ros/jazzy/opt/gz_tools_vendor:/opt/ros/jazzy/opt/gz_ogre_next_vendor:/opt/ros/jazzy/opt/gz_dartsim_vendor:/opt/ros/jazzy/opt/gz_cmake_vendor:/opt/ros/jazzy /usr/bin/cmake --build /home/sarina/aot_bot/ros2_ws/build/chopped_urdf_v2_gazebo -- -j12 -l12
[0.774s] DEBUG:colcon.colcon_core.event_handler.log_command:Invoked command in '/home/sarina/aot_bot/ros2_ws/build/chopped_urdf_v2_gazebo' returned '0': AMENT_PREFIX_PATH=/home/sarina/aot_bot/ros2_ws/install/chopped_urdf_v2:${AMENT_PREFIX_PATH} CMAKE_PREFIX_PATH=/home/sarina/aot_bot/ros2_ws/install/chopped_urdf_v2:/opt/ros/jazzy/opt/gz_sim_vendor:/opt/ros/jazzy/opt/gz_sensors_vendor:/opt/ros/jazzy/opt/gz_physics_vendor:/opt/ros/jazzy/opt/sdformat_vendor:/opt/ros/jazzy/opt/gz_gui_vendor:/opt/ros/jazzy/opt/gz_transport_vendor:/opt/ros/jazzy/opt/gz_rendering_vendor:/opt/ros/jazzy/opt/gz_plugin_vendor:/opt/ros/jazzy/opt/gz_fuel_tools_vendor:/opt/ros/jazzy/opt/gz_msgs_vendor:/opt/ros/jazzy/opt/gz_common_vendor:/opt/ros/jazzy/opt/gz_math_vendor:/opt/ros/jazzy/opt/gz_utils_vendor:/opt/ros/jazzy/opt/gz_tools_vendor:/opt/ros/jazzy/opt/gz_ogre_next_vendor:/opt/ros/jazzy/opt/gz_dartsim_vendor:/opt/ros/jazzy/opt/gz_cmake_vendor:/opt/ros/jazzy /usr/bin/cmake --build /home/sarina/aot_bot/ros2_ws/build/chopped_urdf_v2_gazebo -- -j12 -l12
[0.775s] DEBUG:colcon.colcon_core.event_handler.log_command:Invoking command in '/home/sarina/aot_bot/ros2_ws/build/chopped_urdf_v2_gazebo': AMENT_PREFIX_PATH=/home/sarina/aot_bot/ros2_ws/install/chopped_urdf_v2:${AMENT_PREFIX_PATH} CMAKE_PREFIX_PATH=/home/sarina/aot_bot/ros2_ws/install/chopped_urdf_v2:/opt/ros/jazzy/opt/gz_sim_vendor:/opt/ros/jazzy/opt/gz_sensors_vendor:/opt/ros/jazzy/opt/gz_physics_vendor:/opt/ros/jazzy/opt/sdformat_vendor:/opt/ros/jazzy/opt/gz_gui_vendor:/opt/ros/jazzy/opt/gz_transport_vendor:/opt/ros/jazzy/opt/gz_rendering_vendor:/opt/ros/jazzy/opt/gz_plugin_vendor:/opt/ros/jazzy/opt/gz_fuel_tools_vendor:/opt/ros/jazzy/opt/gz_msgs_vendor:/opt/ros/jazzy/opt/gz_common_vendor:/opt/ros/jazzy/opt/gz_math_vendor:/opt/ros/jazzy/opt/gz_utils_vendor:/opt/ros/jazzy/opt/gz_tools_vendor:/opt/ros/jazzy/opt/gz_ogre_next_vendor:/opt/ros/jazzy/opt/gz_dartsim_vendor:/opt/ros/jazzy/opt/gz_cmake_vendor:/opt/ros/jazzy /usr/bin/cmake --install /home/sarina/aot_bot/ros2_ws/build/chopped_urdf_v2_gazebo
[0.805s] Level 1:colcon.colcon_core.environment:create_environment_scripts_only(chopped_urdf_v2_gazebo)
[0.805s] Level 1:colcon.colcon_core.environment:checking '/home/sarina/aot_bot/ros2_ws/install/chopped_urdf_v2_gazebo' for CMake module files
[0.806s] DEBUG:colcon.colcon_core.event_handler.log_command:Invoked command in '/home/sarina/aot_bot/ros2_ws/build/chopped_urdf_v2_gazebo' returned '0': AMENT_PREFIX_PATH=/home/sarina/aot_bot/ros2_ws/install/chopped_urdf_v2:${AMENT_PREFIX_PATH} CMAKE_PREFIX_PATH=/home/sarina/aot_bot/ros2_ws/install/chopped_urdf_v2:/opt/ros/jazzy/opt/gz_sim_vendor:/opt/ros/jazzy/opt/gz_sensors_vendor:/opt/ros/jazzy/opt/gz_physics_vendor:/opt/ros/jazzy/opt/sdformat_vendor:/opt/ros/jazzy/opt/gz_gui_vendor:/opt/ros/jazzy/opt/gz_transport_vendor:/opt/ros/jazzy/opt/gz_rendering_vendor:/opt/ros/jazzy/opt/gz_plugin_vendor:/opt/ros/jazzy/opt/gz_fuel_tools_vendor:/opt/ros/jazzy/opt/gz_msgs_vendor:/opt/ros/jazzy/opt/gz_common_vendor:/opt/ros/jazzy/opt/gz_math_vendor:/opt/ros/jazzy/opt/gz_utils_vendor:/opt/ros/jazzy/opt/gz_tools_vendor:/opt/ros/jazzy/opt/gz_ogre_next_vendor:/opt/ros/jazzy/opt/gz_dartsim_vendor:/opt/ros/jazzy/opt/gz_cmake_vendor:/opt/ros/jazzy /usr/bin/cmake --install /home/sarina/aot_bot/ros2_ws/build/chopped_urdf_v2_gazebo
[0.807s] Level 1:colcon.colcon_core.environment:checking '/home/sarina/aot_bot/ros2_ws/install/chopped_urdf_v2_gazebo' for CMake config files
[0.807s] Level 1:colcon.colcon_core.shell:create_environment_hook('chopped_urdf_v2_gazebo', 'cmake_prefix_path')
[0.807s] INFO:colcon.colcon_core.shell:Creating environment hook '/home/sarina/aot_bot/ros2_ws/install/chopped_urdf_v2_gazebo/share/chopped_urdf_v2_gazebo/hook/cmake_prefix_path.ps1'
[0.808s] INFO:colcon.colcon_core.shell:Creating environment descriptor '/home/sarina/aot_bot/ros2_ws/install/chopped_urdf_v2_gazebo/share/chopped_urdf_v2_gazebo/hook/cmake_prefix_path.dsv'
[0.809s] INFO:colcon.colcon_core.shell:Creating environment hook '/home/sarina/aot_bot/ros2_ws/install/chopped_urdf_v2_gazebo/share/chopped_urdf_v2_gazebo/hook/cmake_prefix_path.sh'
[0.809s] Level 1:colcon.colcon_core.environment:checking '/home/sarina/aot_bot/ros2_ws/install/chopped_urdf_v2_gazebo/bin'
[0.810s] Level 1:colcon.colcon_core.environment:checking '/home/sarina/aot_bot/ros2_ws/install/chopped_urdf_v2_gazebo/lib/pkgconfig/chopped_urdf_v2_gazebo.pc'
[0.810s] Level 1:colcon.colcon_core.environment:checking '/home/sarina/aot_bot/ros2_ws/install/chopped_urdf_v2_gazebo/lib/python3.12/site-packages'
[0.810s] Level 1:colcon.colcon_core.environment:checking '/home/sarina/aot_bot/ros2_ws/install/chopped_urdf_v2_gazebo/bin'
[0.810s] INFO:colcon.colcon_core.shell:Creating package script '/home/sarina/aot_bot/ros2_ws/install/chopped_urdf_v2_gazebo/share/chopped_urdf_v2_gazebo/package.ps1'
[0.811s] INFO:colcon.colcon_core.shell:Creating package descriptor '/home/sarina/aot_bot/ros2_ws/install/chopped_urdf_v2_gazebo/share/chopped_urdf_v2_gazebo/package.dsv'
[0.811s] INFO:colcon.colcon_core.shell:Creating package script '/home/sarina/aot_bot/ros2_ws/install/chopped_urdf_v2_gazebo/share/chopped_urdf_v2_gazebo/package.sh'
[0.812s] INFO:colcon.colcon_core.shell:Creating package script '/home/sarina/aot_bot/ros2_ws/install/chopped_urdf_v2_gazebo/share/chopped_urdf_v2_gazebo/package.bash'
[0.812s] INFO:colcon.colcon_core.shell:Creating package script '/home/sarina/aot_bot/ros2_ws/install/chopped_urdf_v2_gazebo/share/chopped_urdf_v2_gazebo/package.zsh'
[0.813s] Level 1:colcon.colcon_core.environment:create_file_with_runtime_dependencies(/home/sarina/aot_bot/ros2_ws/install/chopped_urdf_v2_gazebo/share/colcon-core/packages/chopped_urdf_v2_gazebo)
[0.813s] Level 1:colcon.colcon_core.environment:create_environment_scripts_only(chopped_urdf_v2_gazebo)
[0.813s] Level 1:colcon.colcon_core.environment:checking '/home/sarina/aot_bot/ros2_ws/install/chopped_urdf_v2_gazebo' for CMake module files
[0.814s] Level 1:colcon.colcon_core.environment:checking '/home/sarina/aot_bot/ros2_ws/install/chopped_urdf_v2_gazebo' for CMake config files
[0.814s] Level 1:colcon.colcon_core.shell:create_environment_hook('chopped_urdf_v2_gazebo', 'cmake_prefix_path')
[0.814s] INFO:colcon.colcon_core.shell:Creating environment hook '/home/sarina/aot_bot/ros2_ws/install/chopped_urdf_v2_gazebo/share/chopped_urdf_v2_gazebo/hook/cmake_prefix_path.ps1'
[0.815s] INFO:colcon.colcon_core.shell:Creating environment descriptor '/home/sarina/aot_bot/ros2_ws/install/chopped_urdf_v2_gazebo/share/chopped_urdf_v2_gazebo/hook/cmake_prefix_path.dsv'
[0.815s] INFO:colcon.colcon_core.shell:Creating environment hook '/home/sarina/aot_bot/ros2_ws/install/chopped_urdf_v2_gazebo/share/chopped_urdf_v2_gazebo/hook/cmake_prefix_path.sh'
[0.817s] Level 1:colcon.colcon_core.environment:checking '/home/sarina/aot_bot/ros2_ws/install/chopped_urdf_v2_gazebo/bin'
[0.817s] Level 1:colcon.colcon_core.environment:checking '/home/sarina/aot_bot/ros2_ws/install/chopped_urdf_v2_gazebo/lib/pkgconfig/chopped_urdf_v2_gazebo.pc'
[0.817s] Level 1:colcon.colcon_core.environment:checking '/home/sarina/aot_bot/ros2_ws/install/chopped_urdf_v2_gazebo/lib/python3.12/site-packages'
[0.817s] Level 1:colcon.colcon_core.environment:checking '/home/sarina/aot_bot/ros2_ws/install/chopped_urdf_v2_gazebo/bin'
[0.818s] INFO:colcon.colcon_core.shell:Creating package script '/home/sarina/aot_bot/ros2_ws/install/chopped_urdf_v2_gazebo/share/chopped_urdf_v2_gazebo/package.ps1'
[0.819s] INFO:colcon.colcon_core.shell:Creating package descriptor '/home/sarina/aot_bot/ros2_ws/install/chopped_urdf_v2_gazebo/share/chopped_urdf_v2_gazebo/package.dsv'
[0.819s] INFO:colcon.colcon_core.shell:Creating package script '/home/sarina/aot_bot/ros2_ws/install/chopped_urdf_v2_gazebo/share/chopped_urdf_v2_gazebo/package.sh'
[0.820s] INFO:colcon.colcon_core.shell:Creating package script '/home/sarina/aot_bot/ros2_ws/install/chopped_urdf_v2_gazebo/share/chopped_urdf_v2_gazebo/package.bash'
[0.820s] INFO:colcon.colcon_core.shell:Creating package script '/home/sarina/aot_bot/ros2_ws/install/chopped_urdf_v2_gazebo/share/chopped_urdf_v2_gazebo/package.zsh'
[0.821s] Level 1:colcon.colcon_core.environment:create_file_with_runtime_dependencies(/home/sarina/aot_bot/ros2_ws/install/chopped_urdf_v2_gazebo/share/colcon-core/packages/chopped_urdf_v2_gazebo)
[0.821s] DEBUG:colcon.colcon_parallel_executor.executor.parallel:closing loop
[0.821s] DEBUG:colcon.colcon_parallel_executor.executor.parallel:loop closed
[0.821s] DEBUG:colcon.colcon_parallel_executor.executor.parallel:run_until_complete finished with '0'
[0.821s] DEBUG:colcon.colcon_core.event_reactor:joining thread
[0.870s] INFO:colcon.colcon_core.plugin_system:Skipping extension 'colcon_notification.desktop_notification.notify_send': Could not find 'notify-send'
[0.870s] INFO:colcon.colcon_core.plugin_system:Skipping extension 'colcon_notification.desktop_notification.terminal_notifier': Not used on non-Darwin systems
[0.870s] INFO:colcon.colcon_core.plugin_system:Skipping extension 'colcon_notification.desktop_notification.win32': Not used on non-Windows systems
[0.870s] INFO:colcon.colcon_notification.desktop_notification:Sending desktop notification using 'notify2'
[0.872s] DEBUG:colcon.colcon_notification.desktop_notification.notify2:Failed to initialize notify2: org.freedesktop.DBus.Error.ServiceUnknown: The name org.freedesktop.Notifications was not provided by any .service files
[0.872s] DEBUG:colcon.colcon_core.event_reactor:joined thread
[0.872s] INFO:colcon.colcon_core.shell:Creating prefix script '/home/sarina/aot_bot/ros2_ws/install/local_setup.ps1'
[0.873s] INFO:colcon.colcon_core.shell:Creating prefix util module '/home/sarina/aot_bot/ros2_ws/install/_local_setup_util_ps1.py'
[0.875s] INFO:colcon.colcon_core.shell:Creating prefix chain script '/home/sarina/aot_bot/ros2_ws/install/setup.ps1'
[0.876s] INFO:colcon.colcon_core.shell:Creating prefix script '/home/sarina/aot_bot/ros2_ws/install/local_setup.sh'
[0.877s] INFO:colcon.colcon_core.shell:Creating prefix util module '/home/sarina/aot_bot/ros2_ws/install/_local_setup_util_sh.py'
[0.877s] INFO:colcon.colcon_core.shell:Creating prefix chain script '/home/sarina/aot_bot/ros2_ws/install/setup.sh'
[0.878s] INFO:colcon.colcon_core.shell:Creating prefix script '/home/sarina/aot_bot/ros2_ws/install/local_setup.bash'
[0.879s] INFO:colcon.colcon_core.shell:Creating prefix chain script '/home/sarina/aot_bot/ros2_ws/install/setup.bash'
[0.880s] INFO:colcon.colcon_core.shell:Creating prefix script '/home/sarina/aot_bot/ros2_ws/install/local_setup.zsh'
[0.880s] INFO:colcon.colcon_core.shell:Creating prefix chain script '/home/sarina/aot_bot/ros2_ws/install/setup.zsh'
