-- The C compiler identification is GNU 13.3.0
-- The CXX compiler identification is GNU 13.3.0
-- Detecting C compiler ABI info
-- Detecting C compiler ABI info - done
-- Check for working C compiler: /usr/bin/cc - skipped
-- Detecting C compile features
-- Detecting C compile features - done
-- Detecting CXX compiler ABI info
-- Detecting CXX compiler ABI info - done
-- Check for working CXX compiler: /usr/bin/c++ - skipped
-- Detecting CXX compile features
-- Detecting CXX compile features - done
-- Found ament_cmake: 2.5.6 (/opt/ros/jazzy/share/ament_cmake/cmake)
-- Found Python3: /usr/bin/python3 (found version "3.12.3") found components: Interpreter 
-- Override CMake install command with custom implementation using symlinks instead of copying resources
-- Configuring done (3.1s)
-- Generating done (0.0s)
-- Build files have been written to: /home/sarina/aot_bot/ros2_ws/build/chopped_urdf_v2
-- Install configuration: ""
-- Execute custom install script
-- Symlinking: /home/sarina/aot_bot/ros2_ws/install/chopped_urdf_v2/share/chopped_urdf_v2/urdf/chopped_urdf_v2.gazebo.urdf.xacro
-- Symlinking: /home/sarina/aot_bot/ros2_ws/install/chopped_urdf_v2/share/chopped_urdf_v2/urdf/chopped_urdf_v2.urdf
-- Symlinking: /home/sarina/aot_bot/ros2_ws/install/chopped_urdf_v2/share/chopped_urdf_v2/meshes/Base_Extrusion__Base_Extrusion.stl
-- Symlinking: /home/sarina/aot_bot/ros2_ws/install/chopped_urdf_v2/share/chopped_urdf_v2/meshes/Base_Extrusion__Base_Extrusion__Base_Extrusion__Base_Extrusion.stl
-- Symlinking: /home/sarina/aot_bot/ros2_ws/install/chopped_urdf_v2/share/chopped_urdf_v2/meshes/Base_Plate__Base_Plate.stl
-- Symlinking: /home/sarina/aot_bot/ros2_ws/install/chopped_urdf_v2/share/chopped_urdf_v2/meshes/Base_Print__Base_Print.stl
-- Symlinking: /home/sarina/aot_bot/ros2_ws/install/chopped_urdf_v2/share/chopped_urdf_v2/meshes/Battery_Terminal__Battery_Terminal.stl
-- Symlinking: /home/sarina/aot_bot/ros2_ws/install/chopped_urdf_v2/share/chopped_urdf_v2/meshes/Bicep_Cover__Bicep_Cover.stl
-- Symlinking: /home/sarina/aot_bot/ros2_ws/install/chopped_urdf_v2/share/chopped_urdf_v2/meshes/Bicep_Cover__Bicep_Cover_Mirrored.stl
-- Symlinking: /home/sarina/aot_bot/ros2_ws/install/chopped_urdf_v2/share/chopped_urdf_v2/meshes/Bicep__Bicep.stl
-- Symlinking: /home/sarina/aot_bot/ros2_ws/install/chopped_urdf_v2/share/chopped_urdf_v2/meshes/Bicep__Bicep_Mirrored.stl
-- Symlinking: /home/sarina/aot_bot/ros2_ws/install/chopped_urdf_v2/share/chopped_urdf_v2/meshes/Bottom_Cover_Back__Bottom_Cover_Back__Bottom_Cover_Back__Bottom_Cover_Back.stl
-- Symlinking: /home/sarina/aot_bot/ros2_ws/install/chopped_urdf_v2/share/chopped_urdf_v2/meshes/Bottom_Cover_Front__Bottom_Cover_Front__Bottom_Cover_Front__Bottom_Cover_Front.stl
-- Symlinking: /home/sarina/aot_bot/ros2_ws/install/chopped_urdf_v2/share/chopped_urdf_v2/meshes/Camera_Cover__Camera_Cover__Camera_Cover__Camera_Cover.stl
-- Symlinking: /home/sarina/aot_bot/ros2_ws/install/chopped_urdf_v2/share/chopped_urdf_v2/meshes/Cover_MiddleBot_Back__Cover_MiddleBot_Back__Cover_MiddleBot_Back__Cover_MiddleBot_Back.stl
-- Symlinking: /home/sarina/aot_bot/ros2_ws/install/chopped_urdf_v2/share/chopped_urdf_v2/meshes/Cover_MiddleBot_Front__Cover_MiddleBot_Front__Cover_MiddleBot_Front__Cover_MiddleBot_Front.stl
-- Symlinking: /home/sarina/aot_bot/ros2_ws/install/chopped_urdf_v2/share/chopped_urdf_v2/meshes/Cover_MiddleTop_Back__Cover_MiddleTop_Back__Cover_MiddleTop_Back__Cover_MiddleTop_Back.stl
-- Symlinking: /home/sarina/aot_bot/ros2_ws/install/chopped_urdf_v2/share/chopped_urdf_v2/meshes/Cover_MiddleTop_Front__Cover_MiddleTop_Front__Cover_MiddleTop_Front__Cover_MiddleTop_Front.stl
-- Symlinking: /home/sarina/aot_bot/ros2_ws/install/chopped_urdf_v2/share/chopped_urdf_v2/meshes/Cover_Top_Front__Cover_Top_Front__Cover_Top_Front__Cover_Top_Front.stl
-- Symlinking: /home/sarina/aot_bot/ros2_ws/install/chopped_urdf_v2/share/chopped_urdf_v2/meshes/Forearm_Cover__Forearm_Cover.stl
-- Symlinking: /home/sarina/aot_bot/ros2_ws/install/chopped_urdf_v2/share/chopped_urdf_v2/meshes/Forearm_Cover__Forearm_Cover_Mirrored.stl
-- Symlinking: /home/sarina/aot_bot/ros2_ws/install/chopped_urdf_v2/share/chopped_urdf_v2/meshes/Forearm_Rotation__Forearm_Rotation.stl
-- Symlinking: /home/sarina/aot_bot/ros2_ws/install/chopped_urdf_v2/share/chopped_urdf_v2/meshes/Forearm_Rotation__Forearm_Rotation_Mirrored.stl
-- Symlinking: /home/sarina/aot_bot/ros2_ws/install/chopped_urdf_v2/share/chopped_urdf_v2/meshes/Forearm__Forearm.stl
-- Symlinking: /home/sarina/aot_bot/ros2_ws/install/chopped_urdf_v2/share/chopped_urdf_v2/meshes/Forearm__Forearm_Mirrored.stl
-- Symlinking: /home/sarina/aot_bot/ros2_ws/install/chopped_urdf_v2/share/chopped_urdf_v2/meshes/Hand_Motor_Mount__Hand_Motor_Mount.stl
-- Symlinking: /home/sarina/aot_bot/ros2_ws/install/chopped_urdf_v2/share/chopped_urdf_v2/meshes/Hand_Motor_Mount__Hand_Motor_Mount_Mirrored.stl
-- Symlinking: /home/sarina/aot_bot/ros2_ws/install/chopped_urdf_v2/share/chopped_urdf_v2/meshes/Hand__Hand.stl
-- Symlinking: /home/sarina/aot_bot/ros2_ws/install/chopped_urdf_v2/share/chopped_urdf_v2/meshes/Hand__Hand_Mirrored.stl
-- Symlinking: /home/sarina/aot_bot/ros2_ws/install/chopped_urdf_v2/share/chopped_urdf_v2/meshes/Head_Cover__Head_Cover__Head_Cover__Head_Cover.stl
-- Symlinking: /home/sarina/aot_bot/ros2_ws/install/chopped_urdf_v2/share/chopped_urdf_v2/meshes/Head__Head__Head__Head.stl
-- Symlinking: /home/sarina/aot_bot/ros2_ws/install/chopped_urdf_v2/share/chopped_urdf_v2/meshes/Left_Finger__Left_Finger.stl
-- Symlinking: /home/sarina/aot_bot/ros2_ws/install/chopped_urdf_v2/share/chopped_urdf_v2/meshes/Left_Finger__Left_Finger_Mirrored.stl
-- Symlinking: /home/sarina/aot_bot/ros2_ws/install/chopped_urdf_v2/share/chopped_urdf_v2/meshes/Left_Wheel_Tire__Left_Wheel_Tire.stl
-- Symlinking: /home/sarina/aot_bot/ros2_ws/install/chopped_urdf_v2/share/chopped_urdf_v2/meshes/Left_wheel_cap__Left_wheel_cap.stl
-- Symlinking: /home/sarina/aot_bot/ros2_ws/install/chopped_urdf_v2/share/chopped_urdf_v2/meshes/Main_Extrusion__Main_Extrusion__Main_Extrusion__Main_Extrusion.stl
-- Symlinking: /home/sarina/aot_bot/ros2_ws/install/chopped_urdf_v2/share/chopped_urdf_v2/meshes/Mirror30__Mirror30.stl
-- Symlinking: /home/sarina/aot_bot/ros2_ws/install/chopped_urdf_v2/share/chopped_urdf_v2/meshes/Right_Finger__Right_Finger.stl
-- Symlinking: /home/sarina/aot_bot/ros2_ws/install/chopped_urdf_v2/share/chopped_urdf_v2/meshes/Right_Finger__Right_Finger_Mirrored.stl
-- Symlinking: /home/sarina/aot_bot/ros2_ws/install/chopped_urdf_v2/share/chopped_urdf_v2/meshes/Right_Wheel_Cap__Right_Wheel_Cap.stl
-- Symlinking: /home/sarina/aot_bot/ros2_ws/install/chopped_urdf_v2/share/chopped_urdf_v2/meshes/Right_Wheel_Tire__Right_Wheel_Tire.stl
-- Symlinking: /home/sarina/aot_bot/ros2_ws/install/chopped_urdf_v2/share/chopped_urdf_v2/meshes/Shoulder_Cover__Shoulder_Cover.stl
-- Symlinking: /home/sarina/aot_bot/ros2_ws/install/chopped_urdf_v2/share/chopped_urdf_v2/meshes/Shoulder_Cover__Shoulder_Cover_Mirrored.stl
-- Symlinking: /home/sarina/aot_bot/ros2_ws/install/chopped_urdf_v2/share/chopped_urdf_v2/meshes/Shoulder_Knuckle__Shoulder_Knuckle.stl
-- Symlinking: /home/sarina/aot_bot/ros2_ws/install/chopped_urdf_v2/share/chopped_urdf_v2/meshes/Shoulder_Knuckle__Shoulder_Knuckle_Mirrored.stl
-- Symlinking: /home/sarina/aot_bot/ros2_ws/install/chopped_urdf_v2/share/chopped_urdf_v2/meshes/Shoulder__Shoulder.stl
-- Symlinking: /home/sarina/aot_bot/ros2_ws/install/chopped_urdf_v2/share/chopped_urdf_v2/meshes/Shoulder__Shoulder_Mirrored.stl
-- Symlinking: /home/sarina/aot_bot/ros2_ws/install/chopped_urdf_v2/share/chopped_urdf_v2/meshes/Top_Cover_back__Top_Cover_back__Top_Cover_back__Top_Cover_back.stl
-- Symlinking: /home/sarina/aot_bot/ros2_ws/install/chopped_urdf_v2/share/chopped_urdf_v2/meshes/Wrist_Cam__Wrist_Cam.stl
-- Symlinking: /home/sarina/aot_bot/ros2_ws/install/chopped_urdf_v2/share/chopped_urdf_v2/meshes/Wrist_Cam__Wrist_Cam_Mirrored.stl
-- Symlinking: /home/sarina/aot_bot/ros2_ws/install/chopped_urdf_v2/share/chopped_urdf_v2/meshes/Wrist_Knuckle__Wrist_Knuckle.stl
-- Symlinking: /home/sarina/aot_bot/ros2_ws/install/chopped_urdf_v2/share/chopped_urdf_v2/meshes/Wrist_Knuckle__Wrist_Knuckle_Mirrored.stl
-- Symlinking: /home/sarina/aot_bot/ros2_ws/install/chopped_urdf_v2/share/chopped_urdf_v2/config/controllers.yaml
-- Symlinking: /home/sarina/aot_bot/ros2_ws/install/chopped_urdf_v2/share/chopped_urdf_v2/launch/chopped_urdf_v2.launch
-- Symlinking: /home/sarina/aot_bot/ros2_ws/install/chopped_urdf_v2/share/ament_index/resource_index/package_run_dependencies/chopped_urdf_v2
-- Symlinking: /home/sarina/aot_bot/ros2_ws/install/chopped_urdf_v2/share/ament_index/resource_index/parent_prefix_path/chopped_urdf_v2
-- Symlinking: /home/sarina/aot_bot/ros2_ws/install/chopped_urdf_v2/share/chopped_urdf_v2/environment/ament_prefix_path.sh
-- Symlinking: /home/sarina/aot_bot/ros2_ws/install/chopped_urdf_v2/share/chopped_urdf_v2/environment/ament_prefix_path.dsv
-- Symlinking: /home/sarina/aot_bot/ros2_ws/install/chopped_urdf_v2/share/chopped_urdf_v2/environment/path.sh
-- Symlinking: /home/sarina/aot_bot/ros2_ws/install/chopped_urdf_v2/share/chopped_urdf_v2/environment/path.dsv
-- Symlinking: /home/sarina/aot_bot/ros2_ws/install/chopped_urdf_v2/share/chopped_urdf_v2/local_setup.bash
-- Symlinking: /home/sarina/aot_bot/ros2_ws/install/chopped_urdf_v2/share/chopped_urdf_v2/local_setup.sh
-- Symlinking: /home/sarina/aot_bot/ros2_ws/install/chopped_urdf_v2/share/chopped_urdf_v2/local_setup.zsh
-- Symlinking: /home/sarina/aot_bot/ros2_ws/install/chopped_urdf_v2/share/chopped_urdf_v2/local_setup.dsv
-- Symlinking: /home/sarina/aot_bot/ros2_ws/install/chopped_urdf_v2/share/chopped_urdf_v2/package.dsv
-- Symlinking: /home/sarina/aot_bot/ros2_ws/install/chopped_urdf_v2/share/ament_index/resource_index/packages/chopped_urdf_v2
-- Symlinking: /home/sarina/aot_bot/ros2_ws/install/chopped_urdf_v2/share/chopped_urdf_v2/cmake/chopped_urdf_v2Config.cmake
-- Symlinking: /home/sarina/aot_bot/ros2_ws/install/chopped_urdf_v2/share/chopped_urdf_v2/cmake/chopped_urdf_v2Config-version.cmake
-- Symlinking: /home/sarina/aot_bot/ros2_ws/install/chopped_urdf_v2/share/chopped_urdf_v2/package.xml
