[0.000000] (-) TimerEvent: {}
[0.001969] (chopped_urdf_v2) JobQueued: {'identifier': 'chopped_urdf_v2', 'dependencies': OrderedDict()}
[0.002065] (chopped_urdf_v2_gazebo) JobQueued: {'identifier': 'chopped_urdf_v2_gazebo', 'dependencies': OrderedDict({'chopped_urdf_v2': '/home/sarina/aot_bot/ros2_ws/install/chopped_urdf_v2'})}
[0.002130] (chopped_urdf_v2) JobStarted: {'identifier': 'chopped_urdf_v2'}
[0.013072] (chopped_urdf_v2) JobProgress: {'identifier': 'chopped_urdf_v2', 'progress': 'cmake'}
[0.015647] (chopped_urdf_v2) Command: {'cmd': ['/usr/bin/cmake', '/home/sarina/aot_bot/ros2_ws/src/chopped_urdf_v2', '-DAMENT_CMAKE_SYMLINK_INSTALL=1', '-DCMAKE_INSTALL_PREFIX=/home/sarina/aot_bot/ros2_ws/install/chopped_urdf_v2'], 'cwd': '/home/sarina/aot_bot/ros2_ws/build/chopped_urdf_v2', 'env': OrderedDict({'GZ_SIM_SYSTEM_PLUGIN_PATH': '/opt/ros/jazzy/lib', 'GZ_SIM_RESOURCE_PATH': '/opt/ros/jazzy/share', 'USER': 'sarina', 'GZ_CONFIG_PATH': '/opt/ros/jazzy/opt/gz_sim_vendor/share/gz:/opt/ros/jazzy/opt/sdformat_vendor/share/gz:/opt/ros/jazzy/opt/gz_gui_vendor/share/gz:/opt/ros/jazzy/opt/gz_transport_vendor/share/gz:/opt/ros/jazzy/opt/gz_rendering_vendor/share/gz:/opt/ros/jazzy/opt/gz_plugin_vendor/share/gz:/opt/ros/jazzy/opt/gz_fuel_tools_vendor/share/gz:/opt/ros/jazzy/opt/gz_msgs_vendor/share/gz:/opt/ros/jazzy/opt/gz_common_vendor/share/gz', 'SHLVL': '1', 'LD_LIBRARY_PATH': '/opt/ros/jazzy/opt/gz_sim_vendor/lib:/opt/ros/jazzy/opt/gz_sensors_vendor/lib:/opt/ros/jazzy/opt/gz_physics_vendor/lib:/opt/ros/jazzy/opt/sdformat_vendor/lib:/opt/ros/jazzy/opt/rviz_ogre_vendor/lib:/opt/ros/jazzy/lib/x86_64-linux-gnu:/opt/ros/jazzy/opt/gz_gui_vendor/lib:/opt/ros/jazzy/opt/gz_transport_vendor/lib:/opt/ros/jazzy/opt/gz_rendering_vendor/lib:/opt/ros/jazzy/opt/gz_plugin_vendor/lib:/opt/ros/jazzy/opt/gz_fuel_tools_vendor/lib:/opt/ros/jazzy/opt/gz_msgs_vendor/lib:/opt/ros/jazzy/opt/gz_common_vendor/lib:/opt/ros/jazzy/opt/gz_math_vendor/lib:/opt/ros/jazzy/opt/gz_utils_vendor/lib:/opt/ros/jazzy/opt/gz_tools_vendor/lib:/opt/ros/jazzy/opt/gz_ogre_next_vendor/lib:/opt/ros/jazzy/opt/gz_dartsim_vendor/lib:/opt/ros/jazzy/opt/gz_cmake_vendor/lib:/opt/ros/jazzy/lib', 'WT_PROFILE_ID': '{61c54bbd-c2c6-5271-96e7-009a87ff44bf}', 'HOME': '/home/sarina', 'OLDPWD': '/home/sarina/aot_bot', 'ROS_PYTHON_VERSION': '3', 'DBUS_SESSION_BUS_ADDRESS': 'unix:path=/run/user/1000/bus', 'WSL_DISTRO_NAME': 'Ubuntu-24.04', 'WAYLAND_DISPLAY': 'wayland-0', 'ROS_DISTRO': 'jazzy', 'LOGNAME': 'sarina', 'NAME': 'DESKTOP-9K550QM', 'WSL_INTEROP': '/run/WSL/21842_interop', 'PULSE_SERVER': 'unix:/mnt/wslg/PulseServer', '_': '/usr/bin/colcon', 'ROS_VERSION': '2', 'TERM': 'xterm-256color', 'PATH': '/opt/ros/jazzy/opt/gz_msgs_vendor/bin:/opt/ros/jazzy/opt/gz_tools_vendor/bin:/opt/ros/jazzy/opt/gz_ogre_next_vendor/bin:/opt/ros/jazzy/bin:/usr/local/sbin:/usr/local/bin:/usr/sbin:/usr/bin:/sbin:/bin:/usr/games:/usr/local/games:/usr/lib/wsl/lib:/mnt/c/Users/Sarina/bin:/mnt/c/Program Files/Git/mingw64/bin:/mnt/c/Program Files/Git/usr/local/bin:/mnt/c/Program Files/Git/usr/bin:/mnt/c/Program Files/Git/usr/bin:/mnt/c/Program Files/Git/mingw64/bin:/mnt/c/Program Files/Git/usr/bin:/mnt/c/Users/Sarina/bin:/mnt/c/Program Files/glzr.io/GlazeWM/cli:/mnt/c/Program Files/Python314/Scripts:/mnt/c/Program Files/Python314:/mnt/c/WINDOWS/system32:/mnt/c/WINDOWS:/mnt/c/WINDOWS/System32/Wbem:/mnt/c/WINDOWS/System32/WindowsPowerShell/v1.0:/mnt/c/WINDOWS/System32/OpenSSH:/mnt/c/Program Files/PuTTY:/mnt/c/Program Files/Microsoft VS Code/bin:/mnt/c/Program Files/Git/cmd:/mnt/c/Program Files/Apryse Software/Xodo PDF Studio/jre/bin/server:/mnt/c/Program Files/usbipd-win:/mnt/c/Program Files/glzr.io/Zebar:/mnt/c/Users/Sarina/AppData/Local/Microsoft/WindowsApps:/mnt/c/altera_lite/25.1std/questa_fse/win64:/mnt/c/Program Files/Git/usr/bin/vendor_perl:/mnt/c/Program Files/Git/usr/bin/core_perl:/snap/bin', 'WT_SESSION': '812e0520-6c43-4592-bb81-7b44c01ca9a0', 'XDG_RUNTIME_DIR': '/run/user/1000', 'DISPLAY': ':0', 'LANG': 'en_US.UTF-8', 'AMENT_PREFIX_PATH': '/opt/ros/jazzy', 'SHELL': '/bin/bash', 'ROS_AUTOMATIC_DISCOVERY_RANGE': 'SUBNET', 'PWD': '/home/sarina/aot_bot/ros2_ws/build/chopped_urdf_v2', 'XDG_DATA_DIRS': '/usr/local/share:/usr/share:/var/lib/snapd/desktop', 'PYTHONPATH': '/opt/ros/jazzy/opt/gz_sim_vendor/lib/python:/opt/ros/jazzy/opt/sdformat_vendor/lib/python:/opt/ros/jazzy/opt/gz_transport_vendor/lib/python:/opt/ros/jazzy/opt/gz_msgs_vendor/lib/python:/opt/ros/jazzy/opt/gz_math_vendor/lib/python:/opt/ros/jazzy/lib/python3.12/site-packages', 'COLCON': '1', 'WSL2_GUI_APPS_ENABLED': '1', 'HOSTTYPE': 'x86_64', 'CMAKE_PREFIX_PATH': '/opt/ros/jazzy/opt/gz_sim_vendor:/opt/ros/jazzy/opt/gz_sensors_vendor:/opt/ros/jazzy/opt/gz_physics_vendor:/opt/ros/jazzy/opt/sdformat_vendor:/opt/ros/jazzy/opt/gz_gui_vendor:/opt/ros/jazzy/opt/gz_transport_vendor:/opt/ros/jazzy/opt/gz_rendering_vendor:/opt/ros/jazzy/opt/gz_plugin_vendor:/opt/ros/jazzy/opt/gz_fuel_tools_vendor:/opt/ros/jazzy/opt/gz_msgs_vendor:/opt/ros/jazzy/opt/gz_common_vendor:/opt/ros/jazzy/opt/gz_math_vendor:/opt/ros/jazzy/opt/gz_utils_vendor:/opt/ros/jazzy/opt/gz_tools_vendor:/opt/ros/jazzy/opt/gz_ogre_next_vendor:/opt/ros/jazzy/opt/gz_dartsim_vendor:/opt/ros/jazzy/opt/gz_cmake_vendor:/opt/ros/jazzy', 'WSLENV': 'ELECTRON_RUN_AS_NODE/w:WT_SESSION:WT_PROFILE_ID:'}), 'shell': False}
[0.101108] (-) TimerEvent: {}
[0.202161] (-) TimerEvent: {}
[0.303575] (-) TimerEvent: {}
[0.403983] (chopped_urdf_v2) StdoutLine: {'line': b'-- The C compiler identification is GNU 13.3.0\n'}
[0.404260] (-) TimerEvent: {}
[0.506627] (-) TimerEvent: {}
[0.607291] (-) TimerEvent: {}
[0.708031] (-) TimerEvent: {}
[0.810230] (-) TimerEvent: {}
[0.912346] (-) TimerEvent: {}
[1.012771] (-) TimerEvent: {}
[1.113103] (-) TimerEvent: {}
[1.160996] (chopped_urdf_v2) StdoutLine: {'line': b'-- The CXX compiler identification is GNU 13.3.0\n'}
[1.213295] (-) TimerEvent: {}
[1.314970] (-) TimerEvent: {}
[1.417112] (-) TimerEvent: {}
[1.519264] (-) TimerEvent: {}
[1.621442] (-) TimerEvent: {}
[1.656920] (chopped_urdf_v2) StdoutLine: {'line': b'-- Detecting C compiler ABI info\n'}
[1.721632] (-) TimerEvent: {}
[1.822008] (-) TimerEvent: {}
[1.922395] (-) TimerEvent: {}
[1.992005] (chopped_urdf_v2) StdoutLine: {'line': b'-- Detecting C compiler ABI info - done\n'}
[2.003344] (chopped_urdf_v2) StdoutLine: {'line': b'-- Check for working C compiler: /usr/bin/cc - skipped\n'}
[2.013076] (chopped_urdf_v2) StdoutLine: {'line': b'-- Detecting C compile features\n'}
[2.014054] (chopped_urdf_v2) StdoutLine: {'line': b'-- Detecting C compile features - done\n'}
[2.022690] (-) TimerEvent: {}
[2.123991] (-) TimerEvent: {}
[2.190274] (chopped_urdf_v2) StdoutLine: {'line': b'-- Detecting CXX compiler ABI info\n'}
[2.224214] (-) TimerEvent: {}
[2.324868] (-) TimerEvent: {}
[2.425194] (-) TimerEvent: {}
[2.526494] (-) TimerEvent: {}
[2.569338] (chopped_urdf_v2) StdoutLine: {'line': b'-- Detecting CXX compiler ABI info - done\n'}
[2.579687] (chopped_urdf_v2) StdoutLine: {'line': b'-- Check for working CXX compiler: /usr/bin/c++ - skipped\n'}
[2.580099] (chopped_urdf_v2) StdoutLine: {'line': b'-- Detecting CXX compile features\n'}
[2.580554] (chopped_urdf_v2) StdoutLine: {'line': b'-- Detecting CXX compile features - done\n'}
[2.586525] (chopped_urdf_v2) StdoutLine: {'line': b'-- Found ament_cmake: 2.5.6 (/opt/ros/jazzy/share/ament_cmake/cmake)\n'}
[2.626747] (-) TimerEvent: {}
[2.727172] (-) TimerEvent: {}
[2.810243] (chopped_urdf_v2) StdoutLine: {'line': b'-- Found Python3: /usr/bin/python3 (found version "3.12.3") found components: Interpreter \n'}
[2.827613] (-) TimerEvent: {}
[2.929731] (-) TimerEvent: {}
[2.961892] (chopped_urdf_v2) StdoutLine: {'line': b'-- Override CMake install command with custom implementation using symlinks instead of copying resources\n'}
[3.031097] (-) TimerEvent: {}
[3.133081] (-) TimerEvent: {}
[3.172853] (chopped_urdf_v2) StdoutLine: {'line': b'-- Configuring done (3.1s)\n'}
[3.177713] (chopped_urdf_v2) StdoutLine: {'line': b'-- Generating done (0.0s)\n'}
[3.179711] (chopped_urdf_v2) StdoutLine: {'line': b'-- Build files have been written to: /home/sarina/aot_bot/ros2_ws/build/chopped_urdf_v2\n'}
[3.188025] (chopped_urdf_v2) CommandEnded: {'returncode': 0}
[3.189801] (chopped_urdf_v2) JobProgress: {'identifier': 'chopped_urdf_v2', 'progress': 'build'}
[3.189849] (chopped_urdf_v2) Command: {'cmd': ['/usr/bin/cmake', '--build', '/home/sarina/aot_bot/ros2_ws/build/chopped_urdf_v2', '--', '-j12', '-l12'], 'cwd': '/home/sarina/aot_bot/ros2_ws/build/chopped_urdf_v2', 'env': OrderedDict({'GZ_SIM_SYSTEM_PLUGIN_PATH': '/opt/ros/jazzy/lib', 'GZ_SIM_RESOURCE_PATH': '/opt/ros/jazzy/share', 'USER': 'sarina', 'GZ_CONFIG_PATH': '/opt/ros/jazzy/opt/gz_sim_vendor/share/gz:/opt/ros/jazzy/opt/sdformat_vendor/share/gz:/opt/ros/jazzy/opt/gz_gui_vendor/share/gz:/opt/ros/jazzy/opt/gz_transport_vendor/share/gz:/opt/ros/jazzy/opt/gz_rendering_vendor/share/gz:/opt/ros/jazzy/opt/gz_plugin_vendor/share/gz:/opt/ros/jazzy/opt/gz_fuel_tools_vendor/share/gz:/opt/ros/jazzy/opt/gz_msgs_vendor/share/gz:/opt/ros/jazzy/opt/gz_common_vendor/share/gz', 'SHLVL': '1', 'LD_LIBRARY_PATH': '/opt/ros/jazzy/opt/gz_sim_vendor/lib:/opt/ros/jazzy/opt/gz_sensors_vendor/lib:/opt/ros/jazzy/opt/gz_physics_vendor/lib:/opt/ros/jazzy/opt/sdformat_vendor/lib:/opt/ros/jazzy/opt/rviz_ogre_vendor/lib:/opt/ros/jazzy/lib/x86_64-linux-gnu:/opt/ros/jazzy/opt/gz_gui_vendor/lib:/opt/ros/jazzy/opt/gz_transport_vendor/lib:/opt/ros/jazzy/opt/gz_rendering_vendor/lib:/opt/ros/jazzy/opt/gz_plugin_vendor/lib:/opt/ros/jazzy/opt/gz_fuel_tools_vendor/lib:/opt/ros/jazzy/opt/gz_msgs_vendor/lib:/opt/ros/jazzy/opt/gz_common_vendor/lib:/opt/ros/jazzy/opt/gz_math_vendor/lib:/opt/ros/jazzy/opt/gz_utils_vendor/lib:/opt/ros/jazzy/opt/gz_tools_vendor/lib:/opt/ros/jazzy/opt/gz_ogre_next_vendor/lib:/opt/ros/jazzy/opt/gz_dartsim_vendor/lib:/opt/ros/jazzy/opt/gz_cmake_vendor/lib:/opt/ros/jazzy/lib', 'WT_PROFILE_ID': '{61c54bbd-c2c6-5271-96e7-009a87ff44bf}', 'HOME': '/home/sarina', 'OLDPWD': '/home/sarina/aot_bot', 'ROS_PYTHON_VERSION': '3', 'DBUS_SESSION_BUS_ADDRESS': 'unix:path=/run/user/1000/bus', 'WSL_DISTRO_NAME': 'Ubuntu-24.04', 'WAYLAND_DISPLAY': 'wayland-0', 'ROS_DISTRO': 'jazzy', 'LOGNAME': 'sarina', 'NAME': 'DESKTOP-9K550QM', 'WSL_INTEROP': '/run/WSL/21842_interop', 'PULSE_SERVER': 'unix:/mnt/wslg/PulseServer', '_': '/usr/bin/colcon', 'ROS_VERSION': '2', 'TERM': 'xterm-256color', 'PATH': '/opt/ros/jazzy/opt/gz_msgs_vendor/bin:/opt/ros/jazzy/opt/gz_tools_vendor/bin:/opt/ros/jazzy/opt/gz_ogre_next_vendor/bin:/opt/ros/jazzy/bin:/usr/local/sbin:/usr/local/bin:/usr/sbin:/usr/bin:/sbin:/bin:/usr/games:/usr/local/games:/usr/lib/wsl/lib:/mnt/c/Users/Sarina/bin:/mnt/c/Program Files/Git/mingw64/bin:/mnt/c/Program Files/Git/usr/local/bin:/mnt/c/Program Files/Git/usr/bin:/mnt/c/Program Files/Git/usr/bin:/mnt/c/Program Files/Git/mingw64/bin:/mnt/c/Program Files/Git/usr/bin:/mnt/c/Users/Sarina/bin:/mnt/c/Program Files/glzr.io/GlazeWM/cli:/mnt/c/Program Files/Python314/Scripts:/mnt/c/Program Files/Python314:/mnt/c/WINDOWS/system32:/mnt/c/WINDOWS:/mnt/c/WINDOWS/System32/Wbem:/mnt/c/WINDOWS/System32/WindowsPowerShell/v1.0:/mnt/c/WINDOWS/System32/OpenSSH:/mnt/c/Program Files/PuTTY:/mnt/c/Program Files/Microsoft VS Code/bin:/mnt/c/Program Files/Git/cmd:/mnt/c/Program Files/Apryse Software/Xodo PDF Studio/jre/bin/server:/mnt/c/Program Files/usbipd-win:/mnt/c/Program Files/glzr.io/Zebar:/mnt/c/Users/Sarina/AppData/Local/Microsoft/WindowsApps:/mnt/c/altera_lite/25.1std/questa_fse/win64:/mnt/c/Program Files/Git/usr/bin/vendor_perl:/mnt/c/Program Files/Git/usr/bin/core_perl:/snap/bin', 'WT_SESSION': '812e0520-6c43-4592-bb81-7b44c01ca9a0', 'XDG_RUNTIME_DIR': '/run/user/1000', 'DISPLAY': ':0', 'LANG': 'en_US.UTF-8', 'AMENT_PREFIX_PATH': '/opt/ros/jazzy', 'SHELL': '/bin/bash', 'ROS_AUTOMATIC_DISCOVERY_RANGE': 'SUBNET', 'PWD': '/home/sarina/aot_bot/ros2_ws/build/chopped_urdf_v2', 'XDG_DATA_DIRS': '/usr/local/share:/usr/share:/var/lib/snapd/desktop', 'PYTHONPATH': '/opt/ros/jazzy/opt/gz_sim_vendor/lib/python:/opt/ros/jazzy/opt/sdformat_vendor/lib/python:/opt/ros/jazzy/opt/gz_transport_vendor/lib/python:/opt/ros/jazzy/opt/gz_msgs_vendor/lib/python:/opt/ros/jazzy/opt/gz_math_vendor/lib/python:/opt/ros/jazzy/lib/python3.12/site-packages', 'COLCON': '1', 'WSL2_GUI_APPS_ENABLED': '1', 'HOSTTYPE': 'x86_64', 'CMAKE_PREFIX_PATH': '/opt/ros/jazzy/opt/gz_sim_vendor:/opt/ros/jazzy/opt/gz_sensors_vendor:/opt/ros/jazzy/opt/gz_physics_vendor:/opt/ros/jazzy/opt/sdformat_vendor:/opt/ros/jazzy/opt/gz_gui_vendor:/opt/ros/jazzy/opt/gz_transport_vendor:/opt/ros/jazzy/opt/gz_rendering_vendor:/opt/ros/jazzy/opt/gz_plugin_vendor:/opt/ros/jazzy/opt/gz_fuel_tools_vendor:/opt/ros/jazzy/opt/gz_msgs_vendor:/opt/ros/jazzy/opt/gz_common_vendor:/opt/ros/jazzy/opt/gz_math_vendor:/opt/ros/jazzy/opt/gz_utils_vendor:/opt/ros/jazzy/opt/gz_tools_vendor:/opt/ros/jazzy/opt/gz_ogre_next_vendor:/opt/ros/jazzy/opt/gz_dartsim_vendor:/opt/ros/jazzy/opt/gz_cmake_vendor:/opt/ros/jazzy', 'WSLENV': 'ELECTRON_RUN_AS_NODE/w:WT_SESSION:WT_PROFILE_ID:'}), 'shell': False}
[3.233276] (-) TimerEvent: {}
[3.241889] (chopped_urdf_v2) CommandEnded: {'returncode': 0}
[3.242844] (chopped_urdf_v2) JobProgress: {'identifier': 'chopped_urdf_v2', 'progress': 'install'}
[3.254371] (chopped_urdf_v2) Command: {'cmd': ['/usr/bin/cmake', '--install', '/home/sarina/aot_bot/ros2_ws/build/chopped_urdf_v2'], 'cwd': '/home/sarina/aot_bot/ros2_ws/build/chopped_urdf_v2', 'env': OrderedDict({'GZ_SIM_SYSTEM_PLUGIN_PATH': '/opt/ros/jazzy/lib', 'GZ_SIM_RESOURCE_PATH': '/opt/ros/jazzy/share', 'USER': 'sarina', 'GZ_CONFIG_PATH': '/opt/ros/jazzy/opt/gz_sim_vendor/share/gz:/opt/ros/jazzy/opt/sdformat_vendor/share/gz:/opt/ros/jazzy/opt/gz_gui_vendor/share/gz:/opt/ros/jazzy/opt/gz_transport_vendor/share/gz:/opt/ros/jazzy/opt/gz_rendering_vendor/share/gz:/opt/ros/jazzy/opt/gz_plugin_vendor/share/gz:/opt/ros/jazzy/opt/gz_fuel_tools_vendor/share/gz:/opt/ros/jazzy/opt/gz_msgs_vendor/share/gz:/opt/ros/jazzy/opt/gz_common_vendor/share/gz', 'SHLVL': '1', 'LD_LIBRARY_PATH': '/opt/ros/jazzy/opt/gz_sim_vendor/lib:/opt/ros/jazzy/opt/gz_sensors_vendor/lib:/opt/ros/jazzy/opt/gz_physics_vendor/lib:/opt/ros/jazzy/opt/sdformat_vendor/lib:/opt/ros/jazzy/opt/rviz_ogre_vendor/lib:/opt/ros/jazzy/lib/x86_64-linux-gnu:/opt/ros/jazzy/opt/gz_gui_vendor/lib:/opt/ros/jazzy/opt/gz_transport_vendor/lib:/opt/ros/jazzy/opt/gz_rendering_vendor/lib:/opt/ros/jazzy/opt/gz_plugin_vendor/lib:/opt/ros/jazzy/opt/gz_fuel_tools_vendor/lib:/opt/ros/jazzy/opt/gz_msgs_vendor/lib:/opt/ros/jazzy/opt/gz_common_vendor/lib:/opt/ros/jazzy/opt/gz_math_vendor/lib:/opt/ros/jazzy/opt/gz_utils_vendor/lib:/opt/ros/jazzy/opt/gz_tools_vendor/lib:/opt/ros/jazzy/opt/gz_ogre_next_vendor/lib:/opt/ros/jazzy/opt/gz_dartsim_vendor/lib:/opt/ros/jazzy/opt/gz_cmake_vendor/lib:/opt/ros/jazzy/lib', 'WT_PROFILE_ID': '{61c54bbd-c2c6-5271-96e7-009a87ff44bf}', 'HOME': '/home/sarina', 'OLDPWD': '/home/sarina/aot_bot', 'ROS_PYTHON_VERSION': '3', 'DBUS_SESSION_BUS_ADDRESS': 'unix:path=/run/user/1000/bus', 'WSL_DISTRO_NAME': 'Ubuntu-24.04', 'WAYLAND_DISPLAY': 'wayland-0', 'ROS_DISTRO': 'jazzy', 'LOGNAME': 'sarina', 'NAME': 'DESKTOP-9K550QM', 'WSL_INTEROP': '/run/WSL/21842_interop', 'PULSE_SERVER': 'unix:/mnt/wslg/PulseServer', '_': '/usr/bin/colcon', 'ROS_VERSION': '2', 'TERM': 'xterm-256color', 'PATH': '/opt/ros/jazzy/opt/gz_msgs_vendor/bin:/opt/ros/jazzy/opt/gz_tools_vendor/bin:/opt/ros/jazzy/opt/gz_ogre_next_vendor/bin:/opt/ros/jazzy/bin:/usr/local/sbin:/usr/local/bin:/usr/sbin:/usr/bin:/sbin:/bin:/usr/games:/usr/local/games:/usr/lib/wsl/lib:/mnt/c/Users/Sarina/bin:/mnt/c/Program Files/Git/mingw64/bin:/mnt/c/Program Files/Git/usr/local/bin:/mnt/c/Program Files/Git/usr/bin:/mnt/c/Program Files/Git/usr/bin:/mnt/c/Program Files/Git/mingw64/bin:/mnt/c/Program Files/Git/usr/bin:/mnt/c/Users/Sarina/bin:/mnt/c/Program Files/glzr.io/GlazeWM/cli:/mnt/c/Program Files/Python314/Scripts:/mnt/c/Program Files/Python314:/mnt/c/WINDOWS/system32:/mnt/c/WINDOWS:/mnt/c/WINDOWS/System32/Wbem:/mnt/c/WINDOWS/System32/WindowsPowerShell/v1.0:/mnt/c/WINDOWS/System32/OpenSSH:/mnt/c/Program Files/PuTTY:/mnt/c/Program Files/Microsoft VS Code/bin:/mnt/c/Program Files/Git/cmd:/mnt/c/Program Files/Apryse Software/Xodo PDF Studio/jre/bin/server:/mnt/c/Program Files/usbipd-win:/mnt/c/Program Files/glzr.io/Zebar:/mnt/c/Users/Sarina/AppData/Local/Microsoft/WindowsApps:/mnt/c/altera_lite/25.1std/questa_fse/win64:/mnt/c/Program Files/Git/usr/bin/vendor_perl:/mnt/c/Program Files/Git/usr/bin/core_perl:/snap/bin', 'WT_SESSION': '812e0520-6c43-4592-bb81-7b44c01ca9a0', 'XDG_RUNTIME_DIR': '/run/user/1000', 'DISPLAY': ':0', 'LANG': 'en_US.UTF-8', 'AMENT_PREFIX_PATH': '/opt/ros/jazzy', 'SHELL': '/bin/bash', 'ROS_AUTOMATIC_DISCOVERY_RANGE': 'SUBNET', 'PWD': '/home/sarina/aot_bot/ros2_ws/build/chopped_urdf_v2', 'XDG_DATA_DIRS': '/usr/local/share:/usr/share:/var/lib/snapd/desktop', 'PYTHONPATH': '/opt/ros/jazzy/opt/gz_sim_vendor/lib/python:/opt/ros/jazzy/opt/sdformat_vendor/lib/python:/opt/ros/jazzy/opt/gz_transport_vendor/lib/python:/opt/ros/jazzy/opt/gz_msgs_vendor/lib/python:/opt/ros/jazzy/opt/gz_math_vendor/lib/python:/opt/ros/jazzy/lib/python3.12/site-packages', 'COLCON': '1', 'WSL2_GUI_APPS_ENABLED': '1', 'HOSTTYPE': 'x86_64', 'CMAKE_PREFIX_PATH': '/opt/ros/jazzy/opt/gz_sim_vendor:/opt/ros/jazzy/opt/gz_sensors_vendor:/opt/ros/jazzy/opt/gz_physics_vendor:/opt/ros/jazzy/opt/sdformat_vendor:/opt/ros/jazzy/opt/gz_gui_vendor:/opt/ros/jazzy/opt/gz_transport_vendor:/opt/ros/jazzy/opt/gz_rendering_vendor:/opt/ros/jazzy/opt/gz_plugin_vendor:/opt/ros/jazzy/opt/gz_fuel_tools_vendor:/opt/ros/jazzy/opt/gz_msgs_vendor:/opt/ros/jazzy/opt/gz_common_vendor:/opt/ros/jazzy/opt/gz_math_vendor:/opt/ros/jazzy/opt/gz_utils_vendor:/opt/ros/jazzy/opt/gz_tools_vendor:/opt/ros/jazzy/opt/gz_ogre_next_vendor:/opt/ros/jazzy/opt/gz_dartsim_vendor:/opt/ros/jazzy/opt/gz_cmake_vendor:/opt/ros/jazzy', 'WSLENV': 'ELECTRON_RUN_AS_NODE/w:WT_SESSION:WT_PROFILE_ID:'}), 'shell': False}
[3.266428] (chopped_urdf_v2) StdoutLine: {'line': b'-- Install configuration: ""\n'}
[3.267043] (chopped_urdf_v2) StdoutLine: {'line': b'-- Execute custom install script\n'}
[3.270659] (chopped_urdf_v2) StdoutLine: {'line': b'-- Symlinking: /home/sarina/aot_bot/ros2_ws/install/chopped_urdf_v2/share/chopped_urdf_v2/urdf/chopped_urdf_v2.gazebo.urdf.xacro\n'}
[3.283047] (chopped_urdf_v2) StdoutLine: {'line': b'-- Symlinking: /home/sarina/aot_bot/ros2_ws/install/chopped_urdf_v2/share/chopped_urdf_v2/urdf/chopped_urdf_v2.urdf\n'}
[3.297968] (chopped_urdf_v2) StdoutLine: {'line': b'-- Symlinking: /home/sarina/aot_bot/ros2_ws/install/chopped_urdf_v2/share/chopped_urdf_v2/meshes/Base_Extrusion__Base_Extrusion.stl\n'}
[3.309262] (chopped_urdf_v2) StdoutLine: {'line': b'-- Symlinking: /home/sarina/aot_bot/ros2_ws/install/chopped_urdf_v2/share/chopped_urdf_v2/meshes/Base_Extrusion__Base_Extrusion__Base_Extrusion__Base_Extrusion.stl\n'}
[3.321682] (chopped_urdf_v2) StdoutLine: {'line': b'-- Symlinking: /home/sarina/aot_bot/ros2_ws/install/chopped_urdf_v2/share/chopped_urdf_v2/meshes/Base_Plate__Base_Plate.stl\n'}
[3.333726] (-) TimerEvent: {}
[3.335182] (chopped_urdf_v2) StdoutLine: {'line': b'-- Symlinking: /home/sarina/aot_bot/ros2_ws/install/chopped_urdf_v2/share/chopped_urdf_v2/meshes/Base_Print__Base_Print.stl\n'}
[3.348318] (chopped_urdf_v2) StdoutLine: {'line': b'-- Symlinking: /home/sarina/aot_bot/ros2_ws/install/chopped_urdf_v2/share/chopped_urdf_v2/meshes/Battery_Terminal__Battery_Terminal.stl\n'}
[3.362156] (chopped_urdf_v2) StdoutLine: {'line': b'-- Symlinking: /home/sarina/aot_bot/ros2_ws/install/chopped_urdf_v2/share/chopped_urdf_v2/meshes/Bicep_Cover__Bicep_Cover.stl\n'}
[3.374748] (chopped_urdf_v2) StdoutLine: {'line': b'-- Symlinking: /home/sarina/aot_bot/ros2_ws/install/chopped_urdf_v2/share/chopped_urdf_v2/meshes/Bicep_Cover__Bicep_Cover_Mirrored.stl\n'}
[3.388431] (chopped_urdf_v2) StdoutLine: {'line': b'-- Symlinking: /home/sarina/aot_bot/ros2_ws/install/chopped_urdf_v2/share/chopped_urdf_v2/meshes/Bicep__Bicep.stl\n'}
[3.401929] (chopped_urdf_v2) StdoutLine: {'line': b'-- Symlinking: /home/sarina/aot_bot/ros2_ws/install/chopped_urdf_v2/share/chopped_urdf_v2/meshes/Bicep__Bicep_Mirrored.stl\n'}
[3.412415] (chopped_urdf_v2) StdoutLine: {'line': b'-- Symlinking: /home/sarina/aot_bot/ros2_ws/install/chopped_urdf_v2/share/chopped_urdf_v2/meshes/Bottom_Cover_Back__Bottom_Cover_Back__Bottom_Cover_Back__Bottom_Cover_Back.stl\n'}
[3.424841] (chopped_urdf_v2) StdoutLine: {'line': b'-- Symlinking: /home/sarina/aot_bot/ros2_ws/install/chopped_urdf_v2/share/chopped_urdf_v2/meshes/Bottom_Cover_Front__Bottom_Cover_Front__Bottom_Cover_Front__Bottom_Cover_Front.stl\n'}
[3.434087] (-) TimerEvent: {}
[3.436587] (chopped_urdf_v2) StdoutLine: {'line': b'-- Symlinking: /home/sarina/aot_bot/ros2_ws/install/chopped_urdf_v2/share/chopped_urdf_v2/meshes/Camera_Cover__Camera_Cover__Camera_Cover__Camera_Cover.stl\n'}
[3.448447] (chopped_urdf_v2) StdoutLine: {'line': b'-- Symlinking: /home/sarina/aot_bot/ros2_ws/install/chopped_urdf_v2/share/chopped_urdf_v2/meshes/Cover_MiddleBot_Back__Cover_MiddleBot_Back__Cover_MiddleBot_Back__Cover_MiddleBot_Back.stl\n'}
[3.459113] (chopped_urdf_v2) StdoutLine: {'line': b'-- Symlinking: /home/sarina/aot_bot/ros2_ws/install/chopped_urdf_v2/share/chopped_urdf_v2/meshes/Cover_MiddleBot_Front__Cover_MiddleBot_Front__Cover_MiddleBot_Front__Cover_MiddleBot_Front.stl\n'}
[3.471189] (chopped_urdf_v2) StdoutLine: {'line': b'-- Symlinking: /home/sarina/aot_bot/ros2_ws/install/chopped_urdf_v2/share/chopped_urdf_v2/meshes/Cover_MiddleTop_Back__Cover_MiddleTop_Back__Cover_MiddleTop_Back__Cover_MiddleTop_Back.stl\n'}
[3.483108] (chopped_urdf_v2) StdoutLine: {'line': b'-- Symlinking: /home/sarina/aot_bot/ros2_ws/install/chopped_urdf_v2/share/chopped_urdf_v2/meshes/Cover_MiddleTop_Front__Cover_MiddleTop_Front__Cover_MiddleTop_Front__Cover_MiddleTop_Front.stl\n'}
[3.494176] (chopped_urdf_v2) StdoutLine: {'line': b'-- Symlinking: /home/sarina/aot_bot/ros2_ws/install/chopped_urdf_v2/share/chopped_urdf_v2/meshes/Cover_Top_Front__Cover_Top_Front__Cover_Top_Front__Cover_Top_Front.stl\n'}
[3.506714] (chopped_urdf_v2) StdoutLine: {'line': b'-- Symlinking: /home/sarina/aot_bot/ros2_ws/install/chopped_urdf_v2/share/chopped_urdf_v2/meshes/Forearm_Cover__Forearm_Cover.stl\n'}
[3.518122] (chopped_urdf_v2) StdoutLine: {'line': b'-- Symlinking: /home/sarina/aot_bot/ros2_ws/install/chopped_urdf_v2/share/chopped_urdf_v2/meshes/Forearm_Cover__Forearm_Cover_Mirrored.stl\n'}
[3.529002] (chopped_urdf_v2) StdoutLine: {'line': b'-- Symlinking: /home/sarina/aot_bot/ros2_ws/install/chopped_urdf_v2/share/chopped_urdf_v2/meshes/Forearm_Rotation__Forearm_Rotation.stl\n'}
[3.534388] (-) TimerEvent: {}
[3.540882] (chopped_urdf_v2) StdoutLine: {'line': b'-- Symlinking: /home/sarina/aot_bot/ros2_ws/install/chopped_urdf_v2/share/chopped_urdf_v2/meshes/Forearm_Rotation__Forearm_Rotation_Mirrored.stl\n'}
[3.554500] (chopped_urdf_v2) StdoutLine: {'line': b'-- Symlinking: /home/sarina/aot_bot/ros2_ws/install/chopped_urdf_v2/share/chopped_urdf_v2/meshes/Forearm__Forearm.stl\n'}
[3.567782] (chopped_urdf_v2) StdoutLine: {'line': b'-- Symlinking: /home/sarina/aot_bot/ros2_ws/install/chopped_urdf_v2/share/chopped_urdf_v2/meshes/Forearm__Forearm_Mirrored.stl\n'}
[3.578897] (chopped_urdf_v2) StdoutLine: {'line': b'-- Symlinking: /home/sarina/aot_bot/ros2_ws/install/chopped_urdf_v2/share/chopped_urdf_v2/meshes/Hand_Motor_Mount__Hand_Motor_Mount.stl\n'}
[3.592052] (chopped_urdf_v2) StdoutLine: {'line': b'-- Symlinking: /home/sarina/aot_bot/ros2_ws/install/chopped_urdf_v2/share/chopped_urdf_v2/meshes/Hand_Motor_Mount__Hand_Motor_Mount_Mirrored.stl\n'}
[3.605156] (chopped_urdf_v2) StdoutLine: {'line': b'-- Symlinking: /home/sarina/aot_bot/ros2_ws/install/chopped_urdf_v2/share/chopped_urdf_v2/meshes/Hand__Hand.stl\n'}
[3.616826] (chopped_urdf_v2) StdoutLine: {'line': b'-- Symlinking: /home/sarina/aot_bot/ros2_ws/install/chopped_urdf_v2/share/chopped_urdf_v2/meshes/Hand__Hand_Mirrored.stl\n'}
[3.628928] (chopped_urdf_v2) StdoutLine: {'line': b'-- Symlinking: /home/sarina/aot_bot/ros2_ws/install/chopped_urdf_v2/share/chopped_urdf_v2/meshes/Head_Cover__Head_Cover__Head_Cover__Head_Cover.stl\n'}
[3.634773] (-) TimerEvent: {}
[3.640099] (chopped_urdf_v2) StdoutLine: {'line': b'-- Symlinking: /home/sarina/aot_bot/ros2_ws/install/chopped_urdf_v2/share/chopped_urdf_v2/meshes/Head__Head__Head__Head.stl\n'}
[3.651518] (chopped_urdf_v2) StdoutLine: {'line': b'-- Symlinking: /home/sarina/aot_bot/ros2_ws/install/chopped_urdf_v2/share/chopped_urdf_v2/meshes/Left_Finger__Left_Finger.stl\n'}
[3.663108] (chopped_urdf_v2) StdoutLine: {'line': b'-- Symlinking: /home/sarina/aot_bot/ros2_ws/install/chopped_urdf_v2/share/chopped_urdf_v2/meshes/Left_Finger__Left_Finger_Mirrored.stl\n'}
[3.674635] (chopped_urdf_v2) StdoutLine: {'line': b'-- Symlinking: /home/sarina/aot_bot/ros2_ws/install/chopped_urdf_v2/share/chopped_urdf_v2/meshes/Left_Wheel_Tire__Left_Wheel_Tire.stl\n'}
[3.686106] (chopped_urdf_v2) StdoutLine: {'line': b'-- Symlinking: /home/sarina/aot_bot/ros2_ws/install/chopped_urdf_v2/share/chopped_urdf_v2/meshes/Left_wheel_cap__Left_wheel_cap.stl\n'}
[3.698971] (chopped_urdf_v2) StdoutLine: {'line': b'-- Symlinking: /home/sarina/aot_bot/ros2_ws/install/chopped_urdf_v2/share/chopped_urdf_v2/meshes/Main_Extrusion__Main_Extrusion__Main_Extrusion__Main_Extrusion.stl\n'}
[3.711601] (chopped_urdf_v2) StdoutLine: {'line': b'-- Symlinking: /home/sarina/aot_bot/ros2_ws/install/chopped_urdf_v2/share/chopped_urdf_v2/meshes/Mirror30__Mirror30.stl\n'}
[3.724868] (chopped_urdf_v2) StdoutLine: {'line': b'-- Symlinking: /home/sarina/aot_bot/ros2_ws/install/chopped_urdf_v2/share/chopped_urdf_v2/meshes/Right_Finger__Right_Finger.stl\n'}
[3.735086] (-) TimerEvent: {}
[3.737118] (chopped_urdf_v2) StdoutLine: {'line': b'-- Symlinking: /home/sarina/aot_bot/ros2_ws/install/chopped_urdf_v2/share/chopped_urdf_v2/meshes/Right_Finger__Right_Finger_Mirrored.stl\n'}
[3.750010] (chopped_urdf_v2) StdoutLine: {'line': b'-- Symlinking: /home/sarina/aot_bot/ros2_ws/install/chopped_urdf_v2/share/chopped_urdf_v2/meshes/Right_Wheel_Cap__Right_Wheel_Cap.stl\n'}
[3.762507] (chopped_urdf_v2) StdoutLine: {'line': b'-- Symlinking: /home/sarina/aot_bot/ros2_ws/install/chopped_urdf_v2/share/chopped_urdf_v2/meshes/Right_Wheel_Tire__Right_Wheel_Tire.stl\n'}
[3.775261] (chopped_urdf_v2) StdoutLine: {'line': b'-- Symlinking: /home/sarina/aot_bot/ros2_ws/install/chopped_urdf_v2/share/chopped_urdf_v2/meshes/Shoulder_Cover__Shoulder_Cover.stl\n'}
[3.788035] (chopped_urdf_v2) StdoutLine: {'line': b'-- Symlinking: /home/sarina/aot_bot/ros2_ws/install/chopped_urdf_v2/share/chopped_urdf_v2/meshes/Shoulder_Cover__Shoulder_Cover_Mirrored.stl\n'}
[3.800051] (chopped_urdf_v2) StdoutLine: {'line': b'-- Symlinking: /home/sarina/aot_bot/ros2_ws/install/chopped_urdf_v2/share/chopped_urdf_v2/meshes/Shoulder_Knuckle__Shoulder_Knuckle.stl\n'}
[3.811630] (chopped_urdf_v2) StdoutLine: {'line': b'-- Symlinking: /home/sarina/aot_bot/ros2_ws/install/chopped_urdf_v2/share/chopped_urdf_v2/meshes/Shoulder_Knuckle__Shoulder_Knuckle_Mirrored.stl\n'}
[3.823171] (chopped_urdf_v2) StdoutLine: {'line': b'-- Symlinking: /home/sarina/aot_bot/ros2_ws/install/chopped_urdf_v2/share/chopped_urdf_v2/meshes/Shoulder__Shoulder.stl\n'}
[3.834923] (chopped_urdf_v2) StdoutLine: {'line': b'-- Symlinking: /home/sarina/aot_bot/ros2_ws/install/chopped_urdf_v2/share/chopped_urdf_v2/meshes/Shoulder__Shoulder_Mirrored.stl\n'}
[3.835190] (-) TimerEvent: {}
[3.846286] (chopped_urdf_v2) StdoutLine: {'line': b'-- Symlinking: /home/sarina/aot_bot/ros2_ws/install/chopped_urdf_v2/share/chopped_urdf_v2/meshes/Top_Cover_back__Top_Cover_back__Top_Cover_back__Top_Cover_back.stl\n'}
[3.857559] (chopped_urdf_v2) StdoutLine: {'line': b'-- Symlinking: /home/sarina/aot_bot/ros2_ws/install/chopped_urdf_v2/share/chopped_urdf_v2/meshes/Wrist_Cam__Wrist_Cam.stl\n'}
[3.868580] (chopped_urdf_v2) StdoutLine: {'line': b'-- Symlinking: /home/sarina/aot_bot/ros2_ws/install/chopped_urdf_v2/share/chopped_urdf_v2/meshes/Wrist_Cam__Wrist_Cam_Mirrored.stl\n'}
[3.881737] (chopped_urdf_v2) StdoutLine: {'line': b'-- Symlinking: /home/sarina/aot_bot/ros2_ws/install/chopped_urdf_v2/share/chopped_urdf_v2/meshes/Wrist_Knuckle__Wrist_Knuckle.stl\n'}
[3.892981] (chopped_urdf_v2) StdoutLine: {'line': b'-- Symlinking: /home/sarina/aot_bot/ros2_ws/install/chopped_urdf_v2/share/chopped_urdf_v2/meshes/Wrist_Knuckle__Wrist_Knuckle_Mirrored.stl\n'}
[3.912475] (chopped_urdf_v2) StdoutLine: {'line': b'-- Symlinking: /home/sarina/aot_bot/ros2_ws/install/chopped_urdf_v2/share/chopped_urdf_v2/config/controllers.yaml\n'}
[3.926544] (chopped_urdf_v2) StdoutLine: {'line': b'-- Symlinking: /home/sarina/aot_bot/ros2_ws/install/chopped_urdf_v2/share/chopped_urdf_v2/launch/chopped_urdf_v2.launch\n'}
[3.935515] (-) TimerEvent: {}
[3.938901] (chopped_urdf_v2) StdoutLine: {'line': b'-- Symlinking: /home/sarina/aot_bot/ros2_ws/install/chopped_urdf_v2/share/ament_index/resource_index/package_run_dependencies/chopped_urdf_v2\n'}
[3.955420] (chopped_urdf_v2) StdoutLine: {'line': b'-- Symlinking: /home/sarina/aot_bot/ros2_ws/install/chopped_urdf_v2/share/ament_index/resource_index/parent_prefix_path/chopped_urdf_v2\n'}
[3.969685] (chopped_urdf_v2) StdoutLine: {'line': b'-- Symlinking: /home/sarina/aot_bot/ros2_ws/install/chopped_urdf_v2/share/chopped_urdf_v2/environment/ament_prefix_path.sh\n'}
[3.982032] (chopped_urdf_v2) StdoutLine: {'line': b'-- Symlinking: /home/sarina/aot_bot/ros2_ws/install/chopped_urdf_v2/share/chopped_urdf_v2/environment/ament_prefix_path.dsv\n'}
[3.993488] (chopped_urdf_v2) StdoutLine: {'line': b'-- Symlinking: /home/sarina/aot_bot/ros2_ws/install/chopped_urdf_v2/share/chopped_urdf_v2/environment/path.sh\n'}
[4.005871] (chopped_urdf_v2) StdoutLine: {'line': b'-- Symlinking: /home/sarina/aot_bot/ros2_ws/install/chopped_urdf_v2/share/chopped_urdf_v2/environment/path.dsv\n'}
[4.018342] (chopped_urdf_v2) StdoutLine: {'line': b'-- Symlinking: /home/sarina/aot_bot/ros2_ws/install/chopped_urdf_v2/share/chopped_urdf_v2/local_setup.bash\n'}
[4.030280] (chopped_urdf_v2) StdoutLine: {'line': b'-- Symlinking: /home/sarina/aot_bot/ros2_ws/install/chopped_urdf_v2/share/chopped_urdf_v2/local_setup.sh\n'}
[4.035868] (-) TimerEvent: {}
[4.042371] (chopped_urdf_v2) StdoutLine: {'line': b'-- Symlinking: /home/sarina/aot_bot/ros2_ws/install/chopped_urdf_v2/share/chopped_urdf_v2/local_setup.zsh\n'}
[4.055359] (chopped_urdf_v2) StdoutLine: {'line': b'-- Symlinking: /home/sarina/aot_bot/ros2_ws/install/chopped_urdf_v2/share/chopped_urdf_v2/local_setup.dsv\n'}
[4.068788] (chopped_urdf_v2) StdoutLine: {'line': b'-- Symlinking: /home/sarina/aot_bot/ros2_ws/install/chopped_urdf_v2/share/chopped_urdf_v2/package.dsv\n'}
[4.081697] (chopped_urdf_v2) StdoutLine: {'line': b'-- Symlinking: /home/sarina/aot_bot/ros2_ws/install/chopped_urdf_v2/share/ament_index/resource_index/packages/chopped_urdf_v2\n'}
[4.094702] (chopped_urdf_v2) StdoutLine: {'line': b'-- Symlinking: /home/sarina/aot_bot/ros2_ws/install/chopped_urdf_v2/share/chopped_urdf_v2/cmake/chopped_urdf_v2Config.cmake\n'}
[4.105994] (chopped_urdf_v2) StdoutLine: {'line': b'-- Symlinking: /home/sarina/aot_bot/ros2_ws/install/chopped_urdf_v2/share/chopped_urdf_v2/cmake/chopped_urdf_v2Config-version.cmake\n'}
[4.119161] (chopped_urdf_v2) StdoutLine: {'line': b'-- Symlinking: /home/sarina/aot_bot/ros2_ws/install/chopped_urdf_v2/share/chopped_urdf_v2/package.xml\n'}
[4.135499] (chopped_urdf_v2) CommandEnded: {'returncode': 0}
[4.136171] (-) TimerEvent: {}
[4.158466] (chopped_urdf_v2) JobEnded: {'identifier': 'chopped_urdf_v2', 'rc': 0}
[4.159587] (chopped_urdf_v2_gazebo) JobStarted: {'identifier': 'chopped_urdf_v2_gazebo'}
[4.237038] (-) TimerEvent: {}
[4.260362] (chopped_urdf_v2_gazebo) JobProgress: {'identifier': 'chopped_urdf_v2_gazebo', 'progress': 'cmake'}
[4.262045] (chopped_urdf_v2_gazebo) Command: {'cmd': ['/usr/bin/cmake', '/home/sarina/aot_bot/ros2_ws/src/chopped_urdf_v2_gazebo', '-DAMENT_CMAKE_SYMLINK_INSTALL=1', '-DCMAKE_INSTALL_PREFIX=/home/sarina/aot_bot/ros2_ws/install/chopped_urdf_v2_gazebo'], 'cwd': '/home/sarina/aot_bot/ros2_ws/build/chopped_urdf_v2_gazebo', 'env': OrderedDict({'GZ_SIM_SYSTEM_PLUGIN_PATH': '/opt/ros/jazzy/lib', 'GZ_SIM_RESOURCE_PATH': '/opt/ros/jazzy/share', 'USER': 'sarina', 'GZ_CONFIG_PATH': '/opt/ros/jazzy/opt/gz_sim_vendor/share/gz:/opt/ros/jazzy/opt/sdformat_vendor/share/gz:/opt/ros/jazzy/opt/gz_gui_vendor/share/gz:/opt/ros/jazzy/opt/gz_transport_vendor/share/gz:/opt/ros/jazzy/opt/gz_rendering_vendor/share/gz:/opt/ros/jazzy/opt/gz_plugin_vendor/share/gz:/opt/ros/jazzy/opt/gz_fuel_tools_vendor/share/gz:/opt/ros/jazzy/opt/gz_msgs_vendor/share/gz:/opt/ros/jazzy/opt/gz_common_vendor/share/gz', 'SHLVL': '1', 'LD_LIBRARY_PATH': '/opt/ros/jazzy/opt/gz_sim_vendor/lib:/opt/ros/jazzy/opt/gz_sensors_vendor/lib:/opt/ros/jazzy/opt/gz_physics_vendor/lib:/opt/ros/jazzy/opt/sdformat_vendor/lib:/opt/ros/jazzy/opt/rviz_ogre_vendor/lib:/opt/ros/jazzy/lib/x86_64-linux-gnu:/opt/ros/jazzy/opt/gz_gui_vendor/lib:/opt/ros/jazzy/opt/gz_transport_vendor/lib:/opt/ros/jazzy/opt/gz_rendering_vendor/lib:/opt/ros/jazzy/opt/gz_plugin_vendor/lib:/opt/ros/jazzy/opt/gz_fuel_tools_vendor/lib:/opt/ros/jazzy/opt/gz_msgs_vendor/lib:/opt/ros/jazzy/opt/gz_common_vendor/lib:/opt/ros/jazzy/opt/gz_math_vendor/lib:/opt/ros/jazzy/opt/gz_utils_vendor/lib:/opt/ros/jazzy/opt/gz_tools_vendor/lib:/opt/ros/jazzy/opt/gz_ogre_next_vendor/lib:/opt/ros/jazzy/opt/gz_dartsim_vendor/lib:/opt/ros/jazzy/opt/gz_cmake_vendor/lib:/opt/ros/jazzy/lib', 'WT_PROFILE_ID': '{61c54bbd-c2c6-5271-96e7-009a87ff44bf}', 'HOME': '/home/sarina', 'OLDPWD': '/home/sarina/aot_bot', 'ROS_PYTHON_VERSION': '3', 'DBUS_SESSION_BUS_ADDRESS': 'unix:path=/run/user/1000/bus', 'WSL_DISTRO_NAME': 'Ubuntu-24.04', 'WAYLAND_DISPLAY': 'wayland-0', 'ROS_DISTRO': 'jazzy', 'LOGNAME': 'sarina', 'NAME': 'DESKTOP-9K550QM', 'WSL_INTEROP': '/run/WSL/21842_interop', 'PULSE_SERVER': 'unix:/mnt/wslg/PulseServer', '_': '/usr/bin/colcon', 'ROS_VERSION': '2', 'TERM': 'xterm-256color', 'PATH': '/opt/ros/jazzy/opt/gz_msgs_vendor/bin:/opt/ros/jazzy/opt/gz_tools_vendor/bin:/opt/ros/jazzy/opt/gz_ogre_next_vendor/bin:/opt/ros/jazzy/bin:/usr/local/sbin:/usr/local/bin:/usr/sbin:/usr/bin:/sbin:/bin:/usr/games:/usr/local/games:/usr/lib/wsl/lib:/mnt/c/Users/Sarina/bin:/mnt/c/Program Files/Git/mingw64/bin:/mnt/c/Program Files/Git/usr/local/bin:/mnt/c/Program Files/Git/usr/bin:/mnt/c/Program Files/Git/usr/bin:/mnt/c/Program Files/Git/mingw64/bin:/mnt/c/Program Files/Git/usr/bin:/mnt/c/Users/Sarina/bin:/mnt/c/Program Files/glzr.io/GlazeWM/cli:/mnt/c/Program Files/Python314/Scripts:/mnt/c/Program Files/Python314:/mnt/c/WINDOWS/system32:/mnt/c/WINDOWS:/mnt/c/WINDOWS/System32/Wbem:/mnt/c/WINDOWS/System32/WindowsPowerShell/v1.0:/mnt/c/WINDOWS/System32/OpenSSH:/mnt/c/Program Files/PuTTY:/mnt/c/Program Files/Microsoft VS Code/bin:/mnt/c/Program Files/Git/cmd:/mnt/c/Program Files/Apryse Software/Xodo PDF Studio/jre/bin/server:/mnt/c/Program Files/usbipd-win:/mnt/c/Program Files/glzr.io/Zebar:/mnt/c/Users/Sarina/AppData/Local/Microsoft/WindowsApps:/mnt/c/altera_lite/25.1std/questa_fse/win64:/mnt/c/Program Files/Git/usr/bin/vendor_perl:/mnt/c/Program Files/Git/usr/bin/core_perl:/snap/bin', 'WT_SESSION': '812e0520-6c43-4592-bb81-7b44c01ca9a0', 'XDG_RUNTIME_DIR': '/run/user/1000', 'DISPLAY': ':0', 'LANG': 'en_US.UTF-8', 'AMENT_PREFIX_PATH': '/home/sarina/aot_bot/ros2_ws/install/chopped_urdf_v2:/opt/ros/jazzy', 'SHELL': '/bin/bash', 'ROS_AUTOMATIC_DISCOVERY_RANGE': 'SUBNET', 'PWD': '/home/sarina/aot_bot/ros2_ws/build/chopped_urdf_v2_gazebo', 'XDG_DATA_DIRS': '/usr/local/share:/usr/share:/var/lib/snapd/desktop', 'PYTHONPATH': '/opt/ros/jazzy/opt/gz_sim_vendor/lib/python:/opt/ros/jazzy/opt/sdformat_vendor/lib/python:/opt/ros/jazzy/opt/gz_transport_vendor/lib/python:/opt/ros/jazzy/opt/gz_msgs_vendor/lib/python:/opt/ros/jazzy/opt/gz_math_vendor/lib/python:/opt/ros/jazzy/lib/python3.12/site-packages', 'COLCON': '1', 'WSL2_GUI_APPS_ENABLED': '1', 'HOSTTYPE': 'x86_64', 'CMAKE_PREFIX_PATH': '/home/sarina/aot_bot/ros2_ws/install/chopped_urdf_v2:/opt/ros/jazzy/opt/gz_sim_vendor:/opt/ros/jazzy/opt/gz_sensors_vendor:/opt/ros/jazzy/opt/gz_physics_vendor:/opt/ros/jazzy/opt/sdformat_vendor:/opt/ros/jazzy/opt/gz_gui_vendor:/opt/ros/jazzy/opt/gz_transport_vendor:/opt/ros/jazzy/opt/gz_rendering_vendor:/opt/ros/jazzy/opt/gz_plugin_vendor:/opt/ros/jazzy/opt/gz_fuel_tools_vendor:/opt/ros/jazzy/opt/gz_msgs_vendor:/opt/ros/jazzy/opt/gz_common_vendor:/opt/ros/jazzy/opt/gz_math_vendor:/opt/ros/jazzy/opt/gz_utils_vendor:/opt/ros/jazzy/opt/gz_tools_vendor:/opt/ros/jazzy/opt/gz_ogre_next_vendor:/opt/ros/jazzy/opt/gz_dartsim_vendor:/opt/ros/jazzy/opt/gz_cmake_vendor:/opt/ros/jazzy', 'WSLENV': 'ELECTRON_RUN_AS_NODE/w:WT_SESSION:WT_PROFILE_ID:'}), 'shell': False}
[4.337378] (-) TimerEvent: {}
[4.439626] (-) TimerEvent: {}
[4.479906] (chopped_urdf_v2_gazebo) StdoutLine: {'line': b'-- The C compiler identification is GNU 13.3.0\n'}
[4.540547] (-) TimerEvent: {}
[4.642911] (-) TimerEvent: {}
[4.745263] (-) TimerEvent: {}
[4.847624] (-) TimerEvent: {}
[4.948059] (-) TimerEvent: {}
[5.048443] (-) TimerEvent: {}
[5.148803] (-) TimerEvent: {}
[5.249116] (-) TimerEvent: {}
[5.299566] (chopped_urdf_v2_gazebo) StdoutLine: {'line': b'-- The CXX compiler identification is GNU 13.3.0\n'}
[5.349290] (-) TimerEvent: {}
[5.449597] (-) TimerEvent: {}
[5.549914] (-) TimerEvent: {}
[5.650229] (-) TimerEvent: {}
[5.730000] (chopped_urdf_v2_gazebo) StdoutLine: {'line': b'-- Detecting C compiler ABI info\n'}
[5.750466] (-) TimerEvent: {}
[5.850805] (-) TimerEvent: {}
[5.951145] (-) TimerEvent: {}
[5.986183] (chopped_urdf_v2_gazebo) StdoutLine: {'line': b'-- Detecting C compiler ABI info - done\n'}
[5.998325] (chopped_urdf_v2_gazebo) StdoutLine: {'line': b'-- Check for working C compiler: /usr/bin/cc - skipped\n'}
[5.999010] (chopped_urdf_v2_gazebo) StdoutLine: {'line': b'-- Detecting C compile features\n'}
[5.999156] (chopped_urdf_v2_gazebo) StdoutLine: {'line': b'-- Detecting C compile features - done\n'}
[6.051344] (-) TimerEvent: {}
[6.079827] (chopped_urdf_v2_gazebo) StdoutLine: {'line': b'-- Detecting CXX compiler ABI info\n'}
[6.151688] (-) TimerEvent: {}
[6.252098] (-) TimerEvent: {}
[6.352522] (-) TimerEvent: {}
[6.387939] (chopped_urdf_v2_gazebo) StdoutLine: {'line': b'-- Detecting CXX compiler ABI info - done\n'}
[6.398695] (chopped_urdf_v2_gazebo) StdoutLine: {'line': b'-- Check for working CXX compiler: /usr/bin/c++ - skipped\n'}
[6.399208] (chopped_urdf_v2_gazebo) StdoutLine: {'line': b'-- Detecting CXX compile features\n'}
[6.399862] (chopped_urdf_v2_gazebo) StdoutLine: {'line': b'-- Detecting CXX compile features - done\n'}
[6.403917] (chopped_urdf_v2_gazebo) StdoutLine: {'line': b'-- Found ament_cmake: 2.5.6 (/opt/ros/jazzy/share/ament_cmake/cmake)\n'}
[6.452835] (-) TimerEvent: {}
[6.555108] (-) TimerEvent: {}
[6.607024] (chopped_urdf_v2_gazebo) StdoutLine: {'line': b'-- Found Python3: /usr/bin/python3 (found version "3.12.3") found components: Interpreter \n'}
[6.655417] (-) TimerEvent: {}
[6.714388] (chopped_urdf_v2_gazebo) StdoutLine: {'line': b'-- Override CMake install command with custom implementation using symlinks instead of copying resources\n'}
[6.755681] (-) TimerEvent: {}
[6.856405] (-) TimerEvent: {}
[6.890832] (chopped_urdf_v2_gazebo) StdoutLine: {'line': b'-- Configuring done (2.6s)\n'}
[6.895215] (chopped_urdf_v2_gazebo) StdoutLine: {'line': b'-- Generating done (0.0s)\n'}
[6.898538] (chopped_urdf_v2_gazebo) StdoutLine: {'line': b'-- Build files have been written to: /home/sarina/aot_bot/ros2_ws/build/chopped_urdf_v2_gazebo\n'}
[6.905617] (chopped_urdf_v2_gazebo) CommandEnded: {'returncode': 0}
[6.906831] (chopped_urdf_v2_gazebo) JobProgress: {'identifier': 'chopped_urdf_v2_gazebo', 'progress': 'build'}
[6.906887] (chopped_urdf_v2_gazebo) Command: {'cmd': ['/usr/bin/cmake', '--build', '/home/sarina/aot_bot/ros2_ws/build/chopped_urdf_v2_gazebo', '--', '-j12', '-l12'], 'cwd': '/home/sarina/aot_bot/ros2_ws/build/chopped_urdf_v2_gazebo', 'env': OrderedDict({'GZ_SIM_SYSTEM_PLUGIN_PATH': '/opt/ros/jazzy/lib', 'GZ_SIM_RESOURCE_PATH': '/opt/ros/jazzy/share', 'USER': 'sarina', 'GZ_CONFIG_PATH': '/opt/ros/jazzy/opt/gz_sim_vendor/share/gz:/opt/ros/jazzy/opt/sdformat_vendor/share/gz:/opt/ros/jazzy/opt/gz_gui_vendor/share/gz:/opt/ros/jazzy/opt/gz_transport_vendor/share/gz:/opt/ros/jazzy/opt/gz_rendering_vendor/share/gz:/opt/ros/jazzy/opt/gz_plugin_vendor/share/gz:/opt/ros/jazzy/opt/gz_fuel_tools_vendor/share/gz:/opt/ros/jazzy/opt/gz_msgs_vendor/share/gz:/opt/ros/jazzy/opt/gz_common_vendor/share/gz', 'SHLVL': '1', 'LD_LIBRARY_PATH': '/opt/ros/jazzy/opt/gz_sim_vendor/lib:/opt/ros/jazzy/opt/gz_sensors_vendor/lib:/opt/ros/jazzy/opt/gz_physics_vendor/lib:/opt/ros/jazzy/opt/sdformat_vendor/lib:/opt/ros/jazzy/opt/rviz_ogre_vendor/lib:/opt/ros/jazzy/lib/x86_64-linux-gnu:/opt/ros/jazzy/opt/gz_gui_vendor/lib:/opt/ros/jazzy/opt/gz_transport_vendor/lib:/opt/ros/jazzy/opt/gz_rendering_vendor/lib:/opt/ros/jazzy/opt/gz_plugin_vendor/lib:/opt/ros/jazzy/opt/gz_fuel_tools_vendor/lib:/opt/ros/jazzy/opt/gz_msgs_vendor/lib:/opt/ros/jazzy/opt/gz_common_vendor/lib:/opt/ros/jazzy/opt/gz_math_vendor/lib:/opt/ros/jazzy/opt/gz_utils_vendor/lib:/opt/ros/jazzy/opt/gz_tools_vendor/lib:/opt/ros/jazzy/opt/gz_ogre_next_vendor/lib:/opt/ros/jazzy/opt/gz_dartsim_vendor/lib:/opt/ros/jazzy/opt/gz_cmake_vendor/lib:/opt/ros/jazzy/lib', 'WT_PROFILE_ID': '{61c54bbd-c2c6-5271-96e7-009a87ff44bf}', 'HOME': '/home/sarina', 'OLDPWD': '/home/sarina/aot_bot', 'ROS_PYTHON_VERSION': '3', 'DBUS_SESSION_BUS_ADDRESS': 'unix:path=/run/user/1000/bus', 'WSL_DISTRO_NAME': 'Ubuntu-24.04', 'WAYLAND_DISPLAY': 'wayland-0', 'ROS_DISTRO': 'jazzy', 'LOGNAME': 'sarina', 'NAME': 'DESKTOP-9K550QM', 'WSL_INTEROP': '/run/WSL/21842_interop', 'PULSE_SERVER': 'unix:/mnt/wslg/PulseServer', '_': '/usr/bin/colcon', 'ROS_VERSION': '2', 'TERM': 'xterm-256color', 'PATH': '/opt/ros/jazzy/opt/gz_msgs_vendor/bin:/opt/ros/jazzy/opt/gz_tools_vendor/bin:/opt/ros/jazzy/opt/gz_ogre_next_vendor/bin:/opt/ros/jazzy/bin:/usr/local/sbin:/usr/local/bin:/usr/sbin:/usr/bin:/sbin:/bin:/usr/games:/usr/local/games:/usr/lib/wsl/lib:/mnt/c/Users/Sarina/bin:/mnt/c/Program Files/Git/mingw64/bin:/mnt/c/Program Files/Git/usr/local/bin:/mnt/c/Program Files/Git/usr/bin:/mnt/c/Program Files/Git/usr/bin:/mnt/c/Program Files/Git/mingw64/bin:/mnt/c/Program Files/Git/usr/bin:/mnt/c/Users/Sarina/bin:/mnt/c/Program Files/glzr.io/GlazeWM/cli:/mnt/c/Program Files/Python314/Scripts:/mnt/c/Program Files/Python314:/mnt/c/WINDOWS/system32:/mnt/c/WINDOWS:/mnt/c/WINDOWS/System32/Wbem:/mnt/c/WINDOWS/System32/WindowsPowerShell/v1.0:/mnt/c/WINDOWS/System32/OpenSSH:/mnt/c/Program Files/PuTTY:/mnt/c/Program Files/Microsoft VS Code/bin:/mnt/c/Program Files/Git/cmd:/mnt/c/Program Files/Apryse Software/Xodo PDF Studio/jre/bin/server:/mnt/c/Program Files/usbipd-win:/mnt/c/Program Files/glzr.io/Zebar:/mnt/c/Users/Sarina/AppData/Local/Microsoft/WindowsApps:/mnt/c/altera_lite/25.1std/questa_fse/win64:/mnt/c/Program Files/Git/usr/bin/vendor_perl:/mnt/c/Program Files/Git/usr/bin/core_perl:/snap/bin', 'WT_SESSION': '812e0520-6c43-4592-bb81-7b44c01ca9a0', 'XDG_RUNTIME_DIR': '/run/user/1000', 'DISPLAY': ':0', 'LANG': 'en_US.UTF-8', 'AMENT_PREFIX_PATH': '/home/sarina/aot_bot/ros2_ws/install/chopped_urdf_v2:/opt/ros/jazzy', 'SHELL': '/bin/bash', 'ROS_AUTOMATIC_DISCOVERY_RANGE': 'SUBNET', 'PWD': '/home/sarina/aot_bot/ros2_ws/build/chopped_urdf_v2_gazebo', 'XDG_DATA_DIRS': '/usr/local/share:/usr/share:/var/lib/snapd/desktop', 'PYTHONPATH': '/opt/ros/jazzy/opt/gz_sim_vendor/lib/python:/opt/ros/jazzy/opt/sdformat_vendor/lib/python:/opt/ros/jazzy/opt/gz_transport_vendor/lib/python:/opt/ros/jazzy/opt/gz_msgs_vendor/lib/python:/opt/ros/jazzy/opt/gz_math_vendor/lib/python:/opt/ros/jazzy/lib/python3.12/site-packages', 'COLCON': '1', 'WSL2_GUI_APPS_ENABLED': '1', 'HOSTTYPE': 'x86_64', 'CMAKE_PREFIX_PATH': '/home/sarina/aot_bot/ros2_ws/install/chopped_urdf_v2:/opt/ros/jazzy/opt/gz_sim_vendor:/opt/ros/jazzy/opt/gz_sensors_vendor:/opt/ros/jazzy/opt/gz_physics_vendor:/opt/ros/jazzy/opt/sdformat_vendor:/opt/ros/jazzy/opt/gz_gui_vendor:/opt/ros/jazzy/opt/gz_transport_vendor:/opt/ros/jazzy/opt/gz_rendering_vendor:/opt/ros/jazzy/opt/gz_plugin_vendor:/opt/ros/jazzy/opt/gz_fuel_tools_vendor:/opt/ros/jazzy/opt/gz_msgs_vendor:/opt/ros/jazzy/opt/gz_common_vendor:/opt/ros/jazzy/opt/gz_math_vendor:/opt/ros/jazzy/opt/gz_utils_vendor:/opt/ros/jazzy/opt/gz_tools_vendor:/opt/ros/jazzy/opt/gz_ogre_next_vendor:/opt/ros/jazzy/opt/gz_dartsim_vendor:/opt/ros/jazzy/opt/gz_cmake_vendor:/opt/ros/jazzy', 'WSLENV': 'ELECTRON_RUN_AS_NODE/w:WT_SESSION:WT_PROFILE_ID:'}), 'shell': False}
[6.956297] (chopped_urdf_v2_gazebo) CommandEnded: {'returncode': 0}
[6.957028] (-) TimerEvent: {}
[6.957352] (chopped_urdf_v2_gazebo) JobProgress: {'identifier': 'chopped_urdf_v2_gazebo', 'progress': 'install'}
[6.958096] (chopped_urdf_v2_gazebo) Command: {'cmd': ['/usr/bin/cmake', '--install', '/home/sarina/aot_bot/ros2_ws/build/chopped_urdf_v2_gazebo'], 'cwd': '/home/sarina/aot_bot/ros2_ws/build/chopped_urdf_v2_gazebo', 'env': OrderedDict({'GZ_SIM_SYSTEM_PLUGIN_PATH': '/opt/ros/jazzy/lib', 'GZ_SIM_RESOURCE_PATH': '/opt/ros/jazzy/share', 'USER': 'sarina', 'GZ_CONFIG_PATH': '/opt/ros/jazzy/opt/gz_sim_vendor/share/gz:/opt/ros/jazzy/opt/sdformat_vendor/share/gz:/opt/ros/jazzy/opt/gz_gui_vendor/share/gz:/opt/ros/jazzy/opt/gz_transport_vendor/share/gz:/opt/ros/jazzy/opt/gz_rendering_vendor/share/gz:/opt/ros/jazzy/opt/gz_plugin_vendor/share/gz:/opt/ros/jazzy/opt/gz_fuel_tools_vendor/share/gz:/opt/ros/jazzy/opt/gz_msgs_vendor/share/gz:/opt/ros/jazzy/opt/gz_common_vendor/share/gz', 'SHLVL': '1', 'LD_LIBRARY_PATH': '/opt/ros/jazzy/opt/gz_sim_vendor/lib:/opt/ros/jazzy/opt/gz_sensors_vendor/lib:/opt/ros/jazzy/opt/gz_physics_vendor/lib:/opt/ros/jazzy/opt/sdformat_vendor/lib:/opt/ros/jazzy/opt/rviz_ogre_vendor/lib:/opt/ros/jazzy/lib/x86_64-linux-gnu:/opt/ros/jazzy/opt/gz_gui_vendor/lib:/opt/ros/jazzy/opt/gz_transport_vendor/lib:/opt/ros/jazzy/opt/gz_rendering_vendor/lib:/opt/ros/jazzy/opt/gz_plugin_vendor/lib:/opt/ros/jazzy/opt/gz_fuel_tools_vendor/lib:/opt/ros/jazzy/opt/gz_msgs_vendor/lib:/opt/ros/jazzy/opt/gz_common_vendor/lib:/opt/ros/jazzy/opt/gz_math_vendor/lib:/opt/ros/jazzy/opt/gz_utils_vendor/lib:/opt/ros/jazzy/opt/gz_tools_vendor/lib:/opt/ros/jazzy/opt/gz_ogre_next_vendor/lib:/opt/ros/jazzy/opt/gz_dartsim_vendor/lib:/opt/ros/jazzy/opt/gz_cmake_vendor/lib:/opt/ros/jazzy/lib', 'WT_PROFILE_ID': '{61c54bbd-c2c6-5271-96e7-009a87ff44bf}', 'HOME': '/home/sarina', 'OLDPWD': '/home/sarina/aot_bot', 'ROS_PYTHON_VERSION': '3', 'DBUS_SESSION_BUS_ADDRESS': 'unix:path=/run/user/1000/bus', 'WSL_DISTRO_NAME': 'Ubuntu-24.04', 'WAYLAND_DISPLAY': 'wayland-0', 'ROS_DISTRO': 'jazzy', 'LOGNAME': 'sarina', 'NAME': 'DESKTOP-9K550QM', 'WSL_INTEROP': '/run/WSL/21842_interop', 'PULSE_SERVER': 'unix:/mnt/wslg/PulseServer', '_': '/usr/bin/colcon', 'ROS_VERSION': '2', 'TERM': 'xterm-256color', 'PATH': '/opt/ros/jazzy/opt/gz_msgs_vendor/bin:/opt/ros/jazzy/opt/gz_tools_vendor/bin:/opt/ros/jazzy/opt/gz_ogre_next_vendor/bin:/opt/ros/jazzy/bin:/usr/local/sbin:/usr/local/bin:/usr/sbin:/usr/bin:/sbin:/bin:/usr/games:/usr/local/games:/usr/lib/wsl/lib:/mnt/c/Users/Sarina/bin:/mnt/c/Program Files/Git/mingw64/bin:/mnt/c/Program Files/Git/usr/local/bin:/mnt/c/Program Files/Git/usr/bin:/mnt/c/Program Files/Git/usr/bin:/mnt/c/Program Files/Git/mingw64/bin:/mnt/c/Program Files/Git/usr/bin:/mnt/c/Users/Sarina/bin:/mnt/c/Program Files/glzr.io/GlazeWM/cli:/mnt/c/Program Files/Python314/Scripts:/mnt/c/Program Files/Python314:/mnt/c/WINDOWS/system32:/mnt/c/WINDOWS:/mnt/c/WINDOWS/System32/Wbem:/mnt/c/WINDOWS/System32/WindowsPowerShell/v1.0:/mnt/c/WINDOWS/System32/OpenSSH:/mnt/c/Program Files/PuTTY:/mnt/c/Program Files/Microsoft VS Code/bin:/mnt/c/Program Files/Git/cmd:/mnt/c/Program Files/Apryse Software/Xodo PDF Studio/jre/bin/server:/mnt/c/Program Files/usbipd-win:/mnt/c/Program Files/glzr.io/Zebar:/mnt/c/Users/Sarina/AppData/Local/Microsoft/WindowsApps:/mnt/c/altera_lite/25.1std/questa_fse/win64:/mnt/c/Program Files/Git/usr/bin/vendor_perl:/mnt/c/Program Files/Git/usr/bin/core_perl:/snap/bin', 'WT_SESSION': '812e0520-6c43-4592-bb81-7b44c01ca9a0', 'XDG_RUNTIME_DIR': '/run/user/1000', 'DISPLAY': ':0', 'LANG': 'en_US.UTF-8', 'AMENT_PREFIX_PATH': '/home/sarina/aot_bot/ros2_ws/install/chopped_urdf_v2:/opt/ros/jazzy', 'SHELL': '/bin/bash', 'ROS_AUTOMATIC_DISCOVERY_RANGE': 'SUBNET', 'PWD': '/home/sarina/aot_bot/ros2_ws/build/chopped_urdf_v2_gazebo', 'XDG_DATA_DIRS': '/usr/local/share:/usr/share:/var/lib/snapd/desktop', 'PYTHONPATH': '/opt/ros/jazzy/opt/gz_sim_vendor/lib/python:/opt/ros/jazzy/opt/sdformat_vendor/lib/python:/opt/ros/jazzy/opt/gz_transport_vendor/lib/python:/opt/ros/jazzy/opt/gz_msgs_vendor/lib/python:/opt/ros/jazzy/opt/gz_math_vendor/lib/python:/opt/ros/jazzy/lib/python3.12/site-packages', 'COLCON': '1', 'WSL2_GUI_APPS_ENABLED': '1', 'HOSTTYPE': 'x86_64', 'CMAKE_PREFIX_PATH': '/home/sarina/aot_bot/ros2_ws/install/chopped_urdf_v2:/opt/ros/jazzy/opt/gz_sim_vendor:/opt/ros/jazzy/opt/gz_sensors_vendor:/opt/ros/jazzy/opt/gz_physics_vendor:/opt/ros/jazzy/opt/sdformat_vendor:/opt/ros/jazzy/opt/gz_gui_vendor:/opt/ros/jazzy/opt/gz_transport_vendor:/opt/ros/jazzy/opt/gz_rendering_vendor:/opt/ros/jazzy/opt/gz_plugin_vendor:/opt/ros/jazzy/opt/gz_fuel_tools_vendor:/opt/ros/jazzy/opt/gz_msgs_vendor:/opt/ros/jazzy/opt/gz_common_vendor:/opt/ros/jazzy/opt/gz_math_vendor:/opt/ros/jazzy/opt/gz_utils_vendor:/opt/ros/jazzy/opt/gz_tools_vendor:/opt/ros/jazzy/opt/gz_ogre_next_vendor:/opt/ros/jazzy/opt/gz_dartsim_vendor:/opt/ros/jazzy/opt/gz_cmake_vendor:/opt/ros/jazzy', 'WSLENV': 'ELECTRON_RUN_AS_NODE/w:WT_SESSION:WT_PROFILE_ID:'}), 'shell': False}
[6.968314] (chopped_urdf_v2_gazebo) StdoutLine: {'line': b'-- Install configuration: ""\n'}
[6.968963] (chopped_urdf_v2_gazebo) StdoutLine: {'line': b'-- Execute custom install script\n'}
[6.972766] (chopped_urdf_v2_gazebo) StdoutLine: {'line': b'-- Symlinking: /home/sarina/aot_bot/ros2_ws/install/chopped_urdf_v2_gazebo/share/chopped_urdf_v2_gazebo/launch/sim.launch.py\n'}
[6.987490] (chopped_urdf_v2_gazebo) StdoutLine: {'line': b'-- Symlinking: /home/sarina/aot_bot/ros2_ws/install/chopped_urdf_v2_gazebo/share/chopped_urdf_v2_gazebo/worlds/chopped_bot.sdf\n'}
[7.002562] (chopped_urdf_v2_gazebo) StdoutLine: {'line': b'-- Symlinking: /home/sarina/aot_bot/ros2_ws/install/chopped_urdf_v2_gazebo/share/chopped_urdf_v2_gazebo/rviz/chopped_bot.rviz\n'}
[7.016472] (chopped_urdf_v2_gazebo) StdoutLine: {'line': b'-- Symlinking: /home/sarina/aot_bot/ros2_ws/install/chopped_urdf_v2_gazebo/share/ament_index/resource_index/package_run_dependencies/chopped_urdf_v2_gazebo\n'}
[7.029672] (chopped_urdf_v2_gazebo) StdoutLine: {'line': b'-- Symlinking: /home/sarina/aot_bot/ros2_ws/install/chopped_urdf_v2_gazebo/share/ament_index/resource_index/parent_prefix_path/chopped_urdf_v2_gazebo\n'}
[7.045025] (chopped_urdf_v2_gazebo) StdoutLine: {'line': b'-- Symlinking: /home/sarina/aot_bot/ros2_ws/install/chopped_urdf_v2_gazebo/share/chopped_urdf_v2_gazebo/environment/ament_prefix_path.sh\n'}
[7.057425] (-) TimerEvent: {}
[7.058082] (chopped_urdf_v2_gazebo) StdoutLine: {'line': b'-- Symlinking: /home/sarina/aot_bot/ros2_ws/install/chopped_urdf_v2_gazebo/share/chopped_urdf_v2_gazebo/environment/ament_prefix_path.dsv\n'}
[7.069246] (chopped_urdf_v2_gazebo) StdoutLine: {'line': b'-- Symlinking: /home/sarina/aot_bot/ros2_ws/install/chopped_urdf_v2_gazebo/share/chopped_urdf_v2_gazebo/environment/path.sh\n'}
[7.080146] (chopped_urdf_v2_gazebo) StdoutLine: {'line': b'-- Symlinking: /home/sarina/aot_bot/ros2_ws/install/chopped_urdf_v2_gazebo/share/chopped_urdf_v2_gazebo/environment/path.dsv\n'}
[7.091869] (chopped_urdf_v2_gazebo) StdoutLine: {'line': b'-- Symlinking: /home/sarina/aot_bot/ros2_ws/install/chopped_urdf_v2_gazebo/share/chopped_urdf_v2_gazebo/local_setup.bash\n'}
[7.104150] (chopped_urdf_v2_gazebo) StdoutLine: {'line': b'-- Symlinking: /home/sarina/aot_bot/ros2_ws/install/chopped_urdf_v2_gazebo/share/chopped_urdf_v2_gazebo/local_setup.sh\n'}
[7.115304] (chopped_urdf_v2_gazebo) StdoutLine: {'line': b'-- Symlinking: /home/sarina/aot_bot/ros2_ws/install/chopped_urdf_v2_gazebo/share/chopped_urdf_v2_gazebo/local_setup.zsh\n'}
[7.126824] (chopped_urdf_v2_gazebo) StdoutLine: {'line': b'-- Symlinking: /home/sarina/aot_bot/ros2_ws/install/chopped_urdf_v2_gazebo/share/chopped_urdf_v2_gazebo/local_setup.dsv\n'}
[7.137620] (chopped_urdf_v2_gazebo) StdoutLine: {'line': b'-- Symlinking: /home/sarina/aot_bot/ros2_ws/install/chopped_urdf_v2_gazebo/share/chopped_urdf_v2_gazebo/package.dsv\n'}
[7.148737] (chopped_urdf_v2_gazebo) StdoutLine: {'line': b'-- Symlinking: /home/sarina/aot_bot/ros2_ws/install/chopped_urdf_v2_gazebo/share/ament_index/resource_index/packages/chopped_urdf_v2_gazebo\n'}
[7.157725] (-) TimerEvent: {}
[7.161031] (chopped_urdf_v2_gazebo) StdoutLine: {'line': b'-- Symlinking: /home/sarina/aot_bot/ros2_ws/install/chopped_urdf_v2_gazebo/share/chopped_urdf_v2_gazebo/cmake/chopped_urdf_v2_gazeboConfig.cmake\n'}
[7.172741] (chopped_urdf_v2_gazebo) StdoutLine: {'line': b'-- Symlinking: /home/sarina/aot_bot/ros2_ws/install/chopped_urdf_v2_gazebo/share/chopped_urdf_v2_gazebo/cmake/chopped_urdf_v2_gazeboConfig-version.cmake\n'}
[7.185382] (chopped_urdf_v2_gazebo) StdoutLine: {'line': b'-- Symlinking: /home/sarina/aot_bot/ros2_ws/install/chopped_urdf_v2_gazebo/share/chopped_urdf_v2_gazebo/package.xml\n'}
[7.198527] (chopped_urdf_v2_gazebo) CommandEnded: {'returncode': 0}
[7.214715] (chopped_urdf_v2_gazebo) JobEnded: {'identifier': 'chopped_urdf_v2_gazebo', 'rc': 0}
[7.216041] (-) EventReactorShutdown: {}
